fopen mys_fopen
fclose mys_fclose
fread mys_fread
fwrite mys_fwrite
fseek mys_fseek
ftell mys_ftell
rewind mys_rewind
fgetc mys_fgetc
fputc mys_fputc
ungetc mys_ungetc
fgets mys_fgets
fputs mys_fputs
fflush mys_fflush
feof mys_feof
ferror mys_ferror
clearerr mys_clearerr
setvbuf mys_setvbuf
tmpfile mys_tmpfile
sprintf mys_sprintf
snprintf mys_snprintf
vsprintf mys_vsprintf
vsnprintf mys_vsnprintf
asprintf mys_asprintf
vasprintf mys_vasprintf
printf mys_printf
fprintf mys_fprintf
vprintf mys_vprintf
vfprintf mys_vfprintf
dprintf mys_dprintf
vdprintf mys_vdprintf
sscanf mys_sscanf
vsscanf mys_vsscanf
fscanf mys_fscanf
scanf mys_scanf
vscanf mys_vscanf
vfscanf mys_vfscanf
fseeko mys_fseeko
ftello mys_ftello
fgetpos mys_fgetpos
fsetpos mys_fsetpos
fdopen mys_fdopen
freopen mys_freopen
setbuf mys_setbuf
setlinebuf mys_setlinebuf
perror mys_perror
puts mys_puts
getchar mys_getchar
putchar mys_putchar
stdin mys_stdin
stdout mys_stdout
stderr mys_stderr
__stdio_init mys___stdio_init
strtof mys_strtof
strtod mys_strtod
atof mys_atof
strtol mys_strtol
strtoul mys_strtoul
strtoll mys_strtoll
strtoull mys_strtoull
malloc mys_malloc
free mys_free
calloc mys_calloc
realloc mys_realloc
strlen mys_strlen
strcpy mys_strcpy
strncpy mys_strncpy
strcmp mys_strcmp
strncmp mys_strncmp
strchr mys_strchr
strrchr mys_strrchr
strstr mys_strstr
memset mys_memset
memcpy mys_memcpy
memmove mys_memmove
memcmp mys_memcmp
isdigit mys_isdigit
isspace mys_isspace
isalpha mys_isalpha
isalnum mys_isalnum
isupper mys_isupper
islower mys_islower
