# Lines of x86_32_lines.txt that this assembler and GNU as assemble differently.
# Written by gnu-diff.py --write-baseline; see test_gnu_differential.sh.
movl %eax,sym
movl %eax,sym+4
movl %eax,sym-4
movl %eax,0x1234
movl %eax,0
movl %eax,-4
movl %eax,%fs:0
movl %eax,%gs:0
movl %eax,%gs:20
movl %eax,%cs:sym
movl %eax,%ds:sym
movl %ds:sym,%ecx
leal %ds:sym,%edx
movl %eax,%ss:(%ebp)
movl %ss:(%ebp),%ecx
leal %ss:(%ebp),%edx
movl %eax,%gs:sym@NTPOFF
movl sym@GOT(%ebx),%ecx
movl %eax,sym@PLT
movl %eax,sym@TLSGD(,%ebx,1)
movl sym@TLSGD(,%ebx,1),%ecx
leal sym@TLSGD(,%ebx,1),%edx
movl %eax,sym@GOTTPOFF(%ebx)
leal sym@GOTTPOFF(%ebx),%edx
movl %eax,sym@INDNTPOFF
leal sym@INDNTPOFF,%edx
movl %eax,sym@GOTNTPOFF(%ebx)
leal sym@GOTNTPOFF(%ebx),%edx
movl %eax,sym@TLSLDM(%ebx)
movl sym@TLSLDM(%ebx),%ecx
leal sym@TLSLDM(%ebx),%edx
movl %eax,sym@GOT
movl sym@GOT,%ecx
movl %eax,sym@GOTOFF
movl %eax,sym@TLSGD(%ebx)
movl sym@TLSGD(%ebx),%ecx
leal sym@TLSGD(%ebx),%edx
movl %eax,sym@TLSDESC(%ebx)
movl sym@TLSDESC(%ebx),%ecx
leal sym@TLSDESC(%ebx),%edx
movl %eax,(%eax,%eax,0)
movl (%eax,%eax,0),%ecx
leal (%eax,%eax,0),%edx
movl %eax,(%eax,%ebx,4,5)
movl (%eax,%ebx,4,5),%ecx
leal (%eax,%ebx,4,5),%edx
movl %eax,(%r8d)
movl (%r8d),%ecx
leal (%r8d),%edx
movl %eax,(%eax,%r8d)
movl (%eax,%r8d),%ecx
leal (%eax,%r8d),%edx
addl $4,(%eax)
addl $4,0x12345(%eax)
addl $4,127(%ecx)
addl $4,sym+4(%ecx)
movl $sym2,sym+4(%ecx)
addl $4,-129(%edx)
addl $4,-8(%ebx)
addl $4,sym(%ebx)
movl $sym2,sym(%ebx)
addl $4,-128(%esp)
addl $4,8(%ebp)
addl $4,0(%ebp)
addl $4,128(%esi)
addl $4,(%edi)
addl $4,0x12345(%edi)
addl $4,4(%eax,%eax,4)
addl $4,0x1000(%eax,%ecx,8)
addl $4,sym(%eax,%edx,8)
movl $sym2,sym(%eax,%edx,8)
addl $4,(%eax,%ebp)
addl $4,(%eax,%esi,1)
addl $4,(%eax,%edi,2)
addl $4,4(%ecx,%eax,4)
addl $4,0x1000(%ecx,%ecx,8)
addl $4,sym(%ecx,%edx,8)
movl $sym2,sym(%ecx,%edx,8)
addl $4,(%ecx,%ebp)
addl $4,(%ecx,%esi,1)
addl $4,(%ecx,%edi,2)
addl $4,4(%edx,%eax,4)
addl $4,0x1000(%edx,%ecx,8)
addl $4,sym(%edx,%edx,8)
movl $sym2,sym(%edx,%edx,8)
addl $4,(%edx,%ebp)
addl $4,(%edx,%esi,1)
addl $4,(%edx,%edi,2)
addl $4,4(%ebx,%eax,4)
addl $4,0x1000(%ebx,%ecx,8)
addl $4,sym(%ebx,%edx,8)
movl $sym2,sym(%ebx,%edx,8)
addl $4,(%ebx,%ebp)
addl $4,(%ebx,%esi,1)
addl $4,(%ebx,%edi,2)
addl $4,4(%esp,%eax,4)
addl $4,0x1000(%esp,%ecx,8)
addl $4,sym(%esp,%edx,8)
movl $sym2,sym(%esp,%edx,8)
addl $4,(%esp,%ebp)
addl $4,(%esp,%esi,1)
addl $4,(%esp,%edi,2)
addl $4,4(%ebp,%eax,4)
addl $4,0x1000(%ebp,%ecx,8)
addl $4,sym(%ebp,%edx,8)
movl $sym2,sym(%ebp,%edx,8)
addl $4,(%ebp,%ebp)
addl $4,(%ebp,%esi,1)
addl $4,(%ebp,%edi,2)
addl $4,4(%esi,%eax,4)
addl $4,0x1000(%esi,%ecx,8)
addl $4,sym(%esi,%edx,8)
movl $sym2,sym(%esi,%edx,8)
addl $4,(%esi,%ebp)
addl $4,(%esi,%esi,1)
addl $4,(%esi,%edi,2)
addl $4,4(%edi,%eax,4)
addl $4,0x1000(%edi,%ecx,8)
addl $4,sym(%edi,%edx,8)
movl $sym2,sym(%edi,%edx,8)
addl $4,(%edi,%ebp)
addl $4,(%edi,%esi,1)
addl $4,(%edi,%edi,2)
addl $4,(,%eax,1)
addl $4,(,%edx,4)
addl $4,sym(,%ebx,8)
movl $sym2,sym(,%ebx,8)
addl $4,(,%ebp)
addl $4,8(,%edi,2)
addl $4,0x1234
movb %al,0x1234
addl $4,%es:8(%ebx)
addl $4,(%bp,%di)
fldl (%bp,%di)
addl $4,(%bp,%si)
fldl (%bp,%si)
movb $1,sym@GOTTPOFF(%ebx)
movw $0x1234,sym@GOTTPOFF(%ebx)
movl $0x12345678,sym@GOTTPOFF(%ebx)
addl $4,sym@GOTTPOFF(%ebx)
cmpb $0,sym@GOTTPOFF(%ebx)
incl sym@GOTTPOFF(%ebx)
pushl sym@GOTTPOFF(%ebx)
call *sym@GOTTPOFF(%ebx)
testl $1,sym@GOTTPOFF(%ebx)
shll $3,sym@GOTTPOFF(%ebx)
imull $100,sym@GOTTPOFF(%ebx),%eax
fldl sym@GOTTPOFF(%ebx)
movb %al,sym@GOTTPOFF(%ebx)
movw sym@GOTTPOFF(%ebx),%bx
addl $4,sym@GOT
pushl sym@GOT
call *sym@GOT
movl $sym2,sym@GOT
movb %al,sym@GOT
fldl (%eax,%ebx,3)
fldl (%eax,%ebx,16)
fldl (%al)
movb $1,(%eax,%eax,0)
movw $0x1234,(%eax,%eax,0)
movl $0x12345678,(%eax,%eax,0)
addl $4,(%eax,%eax,0)
cmpb $0,(%eax,%eax,0)
incl (%eax,%eax,0)
pushl (%eax,%eax,0)
call *(%eax,%eax,0)
movl $sym2,(%eax,%eax,0)
testl $1,(%eax,%eax,0)
shll $3,(%eax,%eax,0)
imull $100,(%eax,%eax,0),%eax
fldl (%eax,%eax,0)
movb %al,(%eax,%eax,0)
movw (%eax,%eax,0),%bx
movb $1,(%eax,%ebx,4,5)
movw $0x1234,(%eax,%ebx,4,5)
movl $0x12345678,(%eax,%ebx,4,5)
addl $4,(%eax,%ebx,4,5)
cmpb $0,(%eax,%ebx,4,5)
incl (%eax,%ebx,4,5)
pushl (%eax,%ebx,4,5)
call *(%eax,%ebx,4,5)
movl $sym2,(%eax,%ebx,4,5)
testl $1,(%eax,%ebx,4,5)
shll $3,(%eax,%ebx,4,5)
imull $100,(%eax,%ebx,4,5),%eax
fldl (%eax,%ebx,4,5)
movb %al,(%eax,%ebx,4,5)
movw (%eax,%ebx,4,5),%bx
fldl (%eax,%xmm0)
fldl (%rax)
movb $1,(%r8d)
movw $0x1234,(%r8d)
movl $0x12345678,(%r8d)
addl $4,(%r8d)
cmpb $0,(%r8d)
incl (%r8d)
pushl (%r8d)
call *(%r8d)
movl $sym2,(%r8d)
testl $1,(%r8d)
shll $3,(%r8d)
imull $100,(%r8d),%eax
movb %al,(%r8d)
movw (%r8d),%bx
movb $1,(%eax,%r8d)
movw $0x1234,(%eax,%r8d)
movl $0x12345678,(%eax,%r8d)
addl $4,(%eax,%r8d)
cmpb $0,(%eax,%r8d)
incl (%eax,%r8d)
pushl (%eax,%r8d)
call *(%eax,%r8d)
movl $sym2,(%eax,%r8d)
testl $1,(%eax,%r8d)
shll $3,(%eax,%r8d)
imull $100,(%eax,%r8d),%eax
movb %al,(%eax,%r8d)
movw (%eax,%r8d),%bx
addl $4,0x123456789(%eax)
movb %al,sym
movb sym,%al
movw %ax,sym
movw sym,%ax
movl sym,%eax
movl %ax,%ebx
movl %eax,%bx
movw %eax,%ebx
movb %ax,%bl
movb %al,%bx
mov %al,%ebx
mov %eax,%bl
addl %ax,%ebx
addw %al,%bx
add $1,sym
shl $1,sym
addb $256,%al
int $256
int $-1
int $3
shll $256,%eax
shll %cx,%eax
push %rax
movl %cr8,%eax
movl %eax,%cr8
boundw %ax,(%ebx)
ldsw (%eax),%bx
lcall $sym,$sym2
ljmp $0x10000,$0
jmp $0x10,$0x1000
call $0x10,$0x1000
jcxz sym
iretl
lretl
jmp *%al
jmp *$1
call sym
call sym-4
call 0x1000
jmp 0x1000
jmp 0
je 0x1000
callw sym
jmpw sym
calll sym
jmpl sym
movl $sym@INDNTPOFF,%eax
1: | addl $_GLOBAL_OFFSET_TABLE_+[.-1b],%ebx
call 1f | 1: popl %ebx | addl $_GLOBAL_OFFSET_TABLE_+[.-1b],%ebx
addl $_GLOBAL_OFFSET_TABLE_,%eax
movl sym@GOT(%ebx),%eax
call *sym@GOT(%ebx)
movl sym@INDNTPOFF,%eax
movl %gs:sym@NTPOFF,%eax
subl $sym@TPOFF,%eax
addl $sym,%eax
cmpl $sym,sym2
movl $sym,sym2
testl $sym,%eax
movl $sym2-sym,%eax
.data | .long 0 | lv: .long 0 | .text | movl lv,%eax
.data | .long 0 | lv: .long 0 | .text | movl $lv,%eax
.data | .long 0 | lv: .long 0 | .text | movl $lv+8,4(%esp)
.data | .long 0 | lv: .long 0 | .text | call lv
.data | .long 0 | lv: .long 0 | .text | leal lv@GOTOFF(%ebx),%eax
.globl gv | .data | .long 0 | gv: .long 0 | .text | movl gv,%eax
.weak wk | call wk
lf: nop | call lf
.globl gf | gf: nop | call gf
.globl gf | gf: nop | jmp gf
.globl gf | gf: nop | je gf
nop | lf: nop | movl $lf,%eax
nop | lf: nop | pushl $lf
nop | lf: nop | jmp *lf
nop | lf: nop | movl lf(,%eax,4),%ecx
nop | 1: nop | movl $1b,%eax
movl $1f,%eax | 1:
movl $1f-.,%eax | 1:
.section .foo,"ax" | lf: nop | .text | call lf
.section .foo,"ax" | lf: nop | .text | jmp lf
.section .foo,"ax" | lf: nop | .text | je lf
.section .foo,"ax" | lf: nop | .text | movl $lf,%eax
movl %es,(%eax)
movl (%eax),%es
movb %al,%es
mov %es,%al
mov $1,%es
movl %cs,(%eax)
movl (%eax),%cs
movb %al,%cs
mov %cs,%al
mov $1,%cs
movl %ss,(%eax)
movl (%eax),%ss
movb %al,%ss
mov %ss,%al
mov $1,%ss
movl %ds,(%eax)
movl (%eax),%ds
movb %al,%ds
mov %ds,%al
mov $1,%ds
movl %fs,(%eax)
movl (%eax),%fs
movb %al,%fs
mov %fs,%al
mov $1,%fs
movl %gs,(%eax)
movl (%eax),%gs
movb %al,%gs
mov %gs,%al
mov $1,%gs
mov %cr0,%ax
mov %cr2,%ax
mov %cr3,%ax
mov %cr4,%ax
mov %cr8,%eax
mov %eax,%cr8
movl %cr8,%ebx
movl %edi,%cr8
mov %cr1,%ax
mov %cr5,%ax
mov %dr0,%ax
mov %dr1,%ax
mov %dr2,%ax
mov %dr3,%ax
mov %dr6,%ax
mov %dr7,%ax
mov %db0,%ax
mov %db7,%ax
mov %dr4,%ax
mov %tr6,%ax
mov %tr7,%ax
mov %cr9,%eax
mov %eax,%cr9
movl %cr9,%ebx
movl %edi,%cr9
movl 0x1234,%eax
movb %fs:sym,%al
movl %eax,%gs:0x10
movl %gs:0,%eax
movl %fs:0,%eax
mov sym,%al
mov sym,%eax
mov %ax,sym
movsb %al,%ebx
movsw %ax,%ebx
movsbl %ax,%ebx
movswl %al,%ebx
movsbl %al,%bx
movsbw %al,%ebx
movswl %ax,%bx
movsxb %al,%bl
movzb %al,%ebx
movzw %ax,%ebx
movzbl %ax,%ebx
movzwl %al,%ebx
movzbl %al,%bx
movzbw %al,%ebx
movzwl %ax,%bx
movzxb %al,%bl
addb $0,%al
addb $1,%al
addb $-1,%al
addb $127,%al
addb $128,%al
addb $-128,%al
addb $-129,%al
addb $255,%al
addb $0x7fff,%al
addb $0x8000,%al
addb $0xff80,%al
addb $0xffff,%al
addb $0x10000,%al
addb $0x7fffffff,%al
addb $0x80000000,%al
addb $0xffffff80,%al
addb $0xffffffff,%al
addb $sym,%al
addb $sym,sym
add $1,(%ebx)
lock addb (%ebx),%cl
lock addb %cl,%al
addw $0,%ax
addw $1,%ax
addw $-1,%ax
addw $127,%ax
addw $128,%ax
addw $-128,%ax
addw $-129,%ax
addw $255,%ax
addw $256,%ax
addw $0x7fff,%ax
addw $0x8000,%ax
addw $0xff80,%ax
addw $0xffff,%ax
addw $0x10000,%ax
addw $0x7fffffff,%ax
addw $0x80000000,%ax
addw $0xffffff80,%ax
addw $0xffffffff,%ax
addw $sym,%ax
addw $0,%bx
addw $1,%bx
addw $-1,%bx
addw $127,%bx
addw $-128,%bx
addw $0xff80,%bx
addw $0xffff,%bx
addw $0xffffff80,%bx
addw $0xffffffff,%bx
addw $0,%si
addw $1,%si
addw $-1,%si
addw $127,%si
addw $-128,%si
addw $0xff80,%si
addw $0xffff,%si
addw $0xffffff80,%si
addw $0xffffffff,%si
addw $0,(%ebx)
addw $0,sym
addw $0,-4(%ebp,%ecx,4)
addw $1,(%ebx)
addw $1,sym
addw $1,-4(%ebp,%ecx,4)
addw $-1,(%ebx)
addw $-1,sym
addw $-1,-4(%ebp,%ecx,4)
addw $127,(%ebx)
addw $127,sym
addw $127,-4(%ebp,%ecx,4)
addw $-128,(%ebx)
addw $-128,sym
addw $-128,-4(%ebp,%ecx,4)
addw $0xff80,(%ebx)
addw $0xff80,sym
addw $0xff80,-4(%ebp,%ecx,4)
addw $0xffff,(%ebx)
addw $0xffff,sym
addw $0xffff,-4(%ebp,%ecx,4)
addw $0xffffff80,(%ebx)
addw $0xffffff80,sym
addw $0xffffff80,-4(%ebp,%ecx,4)
addw $0xffffffff,(%ebx)
addw $0xffffffff,sym
addw $0xffffffff,-4(%ebp,%ecx,4)
addw $sym,sym
add $1,%bx
lock addw $1,(%ebx)
lock addw (%ebx),%bx
lock addw %bx,%ax
addl $0,%eax
addl $1,%eax
addl $-1,%eax
addl $127,%eax
addl $128,%eax
addl $-128,%eax
addl $-129,%eax
addl $255,%eax
addl $256,%eax
addl $0x7fff,%eax
addl $0x8000,%eax
addl $0xff80,%eax
addl $0xffff,%eax
addl $0x10000,%eax
addl $0x7fffffff,%eax
addl $0x80000000,%eax
addl $0xffffff80,%eax
addl $0xffffffff,%eax
addl $0,%ebx
addl $1,%ebx
addl $-1,%ebx
addl $127,%ebx
addl $-128,%ebx
addl $0xffffff80,%ebx
addl $0xffffffff,%ebx
addl $0,%esp
addl $1,%esp
addl $-1,%esp
addl $127,%esp
addl $-128,%esp
addl $0xffffff80,%esp
addl $0xffffffff,%esp
addl $0,%ebp
addl $1,%ebp
addl $-1,%ebp
addl $127,%ebp
addl $-128,%ebp
addl $0xffffff80,%ebp
addl $0xffffffff,%ebp
addl $0,(%ebx)
addl $0,sym
addl $0,-4(%ebp,%ecx,4)
addl $1,(%ebx)
addl $1,sym
addl $1,-4(%ebp,%ecx,4)
addl $-1,(%ebx)
addl $-1,sym
addl $-1,-4(%ebp,%ecx,4)
addl $127,(%ebx)
addl $127,sym
addl $127,-4(%ebp,%ecx,4)
addl $-128,(%ebx)
addl $-128,sym
addl $-128,-4(%ebp,%ecx,4)
addl $0xffffff80,(%ebx)
addl $0xffffff80,sym
addl $0xffffff80,-4(%ebp,%ecx,4)
addl $0xffffffff,(%ebx)
addl $0xffffffff,sym
addl $0xffffffff,-4(%ebp,%ecx,4)
addl $sym,sym
add $1,%ebx
lock addl $1,(%ebx)
lock addl (%ebx),%ebx
lock addl %ebx,%eax
orb $0,%al
orb $1,%al
orb $-1,%al
orb $127,%al
orb $128,%al
orb $-128,%al
orb $-129,%al
orb $255,%al
orb $256,%al
orb $0x7fff,%al
orb $0x8000,%al
orb $0xff80,%al
orb $0xffff,%al
orb $0x10000,%al
orb $0x7fffffff,%al
orb $0x80000000,%al
orb $0xffffff80,%al
orb $0xffffffff,%al
orb $sym,%al
orb $sym,sym
or $1,(%ebx)
lock orb (%ebx),%cl
lock orb %cl,%al
orw $0,%ax
orw $1,%ax
orw $-1,%ax
orw $127,%ax
orw $128,%ax
orw $-128,%ax
orw $-129,%ax
orw $255,%ax
orw $256,%ax
orw $0x7fff,%ax
orw $0x8000,%ax
orw $0xff80,%ax
orw $0xffff,%ax
orw $0x10000,%ax
orw $0x7fffffff,%ax
orw $0x80000000,%ax
orw $0xffffff80,%ax
orw $0xffffffff,%ax
orw $sym,%ax
orw $0,%bx
orw $1,%bx
orw $-1,%bx
orw $127,%bx
orw $-128,%bx
orw $0xff80,%bx
orw $0xffff,%bx
orw $0xffffff80,%bx
orw $0xffffffff,%bx
orw $0,%si
orw $1,%si
orw $-1,%si
orw $127,%si
orw $-128,%si
orw $0xff80,%si
orw $0xffff,%si
orw $0xffffff80,%si
orw $0xffffffff,%si
orw $0,(%ebx)
orw $0,sym
orw $0,-4(%ebp,%ecx,4)
orw $1,(%ebx)
orw $1,sym
orw $1,-4(%ebp,%ecx,4)
orw $-1,(%ebx)
orw $-1,sym
orw $-1,-4(%ebp,%ecx,4)
orw $127,(%ebx)
orw $127,sym
orw $127,-4(%ebp,%ecx,4)
orw $-128,(%ebx)
orw $-128,sym
orw $-128,-4(%ebp,%ecx,4)
orw $0xff80,(%ebx)
orw $0xff80,sym
orw $0xff80,-4(%ebp,%ecx,4)
orw $0xffff,(%ebx)
orw $0xffff,sym
orw $0xffff,-4(%ebp,%ecx,4)
orw $0xffffff80,(%ebx)
orw $0xffffff80,sym
orw $0xffffff80,-4(%ebp,%ecx,4)
orw $0xffffffff,(%ebx)
orw $0xffffffff,sym
orw $0xffffffff,-4(%ebp,%ecx,4)
orw $sym,sym
or $1,%bx
lock orw $1,(%ebx)
lock orw (%ebx),%bx
lock orw %bx,%ax
orl $0,%eax
orl $1,%eax
orl $-1,%eax
orl $127,%eax
orl $128,%eax
orl $-128,%eax
orl $-129,%eax
orl $255,%eax
orl $256,%eax
orl $0x7fff,%eax
orl $0x8000,%eax
orl $0xff80,%eax
orl $0xffff,%eax
orl $0x10000,%eax
orl $0x7fffffff,%eax
orl $0x80000000,%eax
orl $0xffffff80,%eax
orl $0xffffffff,%eax
orl $sym,%eax
orl $0,%ebx
orl $1,%ebx
orl $-1,%ebx
orl $127,%ebx
orl $-128,%ebx
orl $0xffffff80,%ebx
orl $0xffffffff,%ebx
orl $0,%esp
orl $1,%esp
orl $-1,%esp
orl $127,%esp
orl $-128,%esp
orl $0xffffff80,%esp
orl $0xffffffff,%esp
orl $0,%ebp
orl $1,%ebp
orl $-1,%ebp
orl $127,%ebp
orl $-128,%ebp
orl $0xffffff80,%ebp
orl $0xffffffff,%ebp
orl $0,(%ebx)
orl $0,sym
orl $0,-4(%ebp,%ecx,4)
orl $1,(%ebx)
orl $1,sym
orl $1,-4(%ebp,%ecx,4)
orl $-1,(%ebx)
orl $-1,sym
orl $-1,-4(%ebp,%ecx,4)
orl $127,(%ebx)
orl $127,sym
orl $127,-4(%ebp,%ecx,4)
orl $-128,(%ebx)
orl $-128,sym
orl $-128,-4(%ebp,%ecx,4)
orl $0xffffff80,(%ebx)
orl $0xffffff80,sym
orl $0xffffff80,-4(%ebp,%ecx,4)
orl $0xffffffff,(%ebx)
orl $0xffffffff,sym
orl $0xffffffff,-4(%ebp,%ecx,4)
orl $sym,sym
or $1,%ebx
lock orl $1,(%ebx)
lock orl (%ebx),%ebx
lock orl %ebx,%eax
adcb $0,%al
adcb $1,%al
adcb $-1,%al
adcb $127,%al
adcb $128,%al
adcb $-128,%al
adcb $-129,%al
adcb $255,%al
adcb $256,%al
adcb $0x7fff,%al
adcb $0x8000,%al
adcb $0xff80,%al
adcb $0xffff,%al
adcb $0x10000,%al
adcb $0x7fffffff,%al
adcb $0x80000000,%al
adcb $0xffffff80,%al
adcb $0xffffffff,%al
adcb $sym,%al
adcb $sym,sym
adc $1,(%ebx)
lock adcb (%ebx),%cl
lock adcb %cl,%al
adcw $0,%ax
adcw $1,%ax
adcw $-1,%ax
adcw $127,%ax
adcw $128,%ax
adcw $-128,%ax
adcw $-129,%ax
adcw $255,%ax
adcw $256,%ax
adcw $0x7fff,%ax
adcw $0x8000,%ax
adcw $0xff80,%ax
adcw $0xffff,%ax
adcw $0x10000,%ax
adcw $0x7fffffff,%ax
adcw $0x80000000,%ax
adcw $0xffffff80,%ax
adcw $0xffffffff,%ax
adcw $sym,%ax
adcw $0,%bx
adcw $1,%bx
adcw $-1,%bx
adcw $127,%bx
adcw $-128,%bx
adcw $0xff80,%bx
adcw $0xffff,%bx
adcw $0xffffff80,%bx
adcw $0xffffffff,%bx
adcw $0,%si
adcw $1,%si
adcw $-1,%si
adcw $127,%si
adcw $-128,%si
adcw $0xff80,%si
adcw $0xffff,%si
adcw $0xffffff80,%si
adcw $0xffffffff,%si
adcw $0,(%ebx)
adcw $0,sym
adcw $0,-4(%ebp,%ecx,4)
adcw $1,(%ebx)
adcw $1,sym
adcw $1,-4(%ebp,%ecx,4)
adcw $-1,(%ebx)
adcw $-1,sym
adcw $-1,-4(%ebp,%ecx,4)
adcw $127,(%ebx)
adcw $127,sym
adcw $127,-4(%ebp,%ecx,4)
adcw $-128,(%ebx)
adcw $-128,sym
adcw $-128,-4(%ebp,%ecx,4)
adcw $0xff80,(%ebx)
adcw $0xff80,sym
adcw $0xff80,-4(%ebp,%ecx,4)
adcw $0xffff,(%ebx)
adcw $0xffff,sym
adcw $0xffff,-4(%ebp,%ecx,4)
adcw $0xffffff80,(%ebx)
adcw $0xffffff80,sym
adcw $0xffffff80,-4(%ebp,%ecx,4)
adcw $0xffffffff,(%ebx)
adcw $0xffffffff,sym
adcw $0xffffffff,-4(%ebp,%ecx,4)
adcw $sym,sym
adc $1,%bx
lock adcw $1,(%ebx)
lock adcw (%ebx),%bx
lock adcw %bx,%ax
adcl $0,%eax
adcl $1,%eax
adcl $-1,%eax
adcl $127,%eax
adcl $128,%eax
adcl $-128,%eax
adcl $-129,%eax
adcl $255,%eax
adcl $256,%eax
adcl $0x7fff,%eax
adcl $0x8000,%eax
adcl $0xff80,%eax
adcl $0xffff,%eax
adcl $0x10000,%eax
adcl $0x7fffffff,%eax
adcl $0x80000000,%eax
adcl $0xffffff80,%eax
adcl $0xffffffff,%eax
adcl $sym,%eax
adcl $0,%ebx
adcl $1,%ebx
adcl $-1,%ebx
adcl $127,%ebx
adcl $-128,%ebx
adcl $0xffffff80,%ebx
adcl $0xffffffff,%ebx
adcl $0,%esp
adcl $1,%esp
adcl $-1,%esp
adcl $127,%esp
adcl $-128,%esp
adcl $0xffffff80,%esp
adcl $0xffffffff,%esp
adcl $0,%ebp
adcl $1,%ebp
adcl $-1,%ebp
adcl $127,%ebp
adcl $-128,%ebp
adcl $0xffffff80,%ebp
adcl $0xffffffff,%ebp
adcl $0,(%ebx)
adcl $0,sym
adcl $0,-4(%ebp,%ecx,4)
adcl $1,(%ebx)
adcl $1,sym
adcl $1,-4(%ebp,%ecx,4)
adcl $-1,(%ebx)
adcl $-1,sym
adcl $-1,-4(%ebp,%ecx,4)
adcl $127,(%ebx)
adcl $127,sym
adcl $127,-4(%ebp,%ecx,4)
adcl $-128,(%ebx)
adcl $-128,sym
adcl $-128,-4(%ebp,%ecx,4)
adcl $0xffffff80,(%ebx)
adcl $0xffffff80,sym
adcl $0xffffff80,-4(%ebp,%ecx,4)
adcl $0xffffffff,(%ebx)
adcl $0xffffffff,sym
adcl $0xffffffff,-4(%ebp,%ecx,4)
adcl $sym,sym
adc $1,%ebx
lock adcl $1,(%ebx)
lock adcl (%ebx),%ebx
lock adcl %ebx,%eax
sbbb $0,%al
sbbb $1,%al
sbbb $-1,%al
sbbb $127,%al
sbbb $128,%al
sbbb $-128,%al
sbbb $-129,%al
sbbb $255,%al
sbbb $256,%al
sbbb $0x7fff,%al
sbbb $0x8000,%al
sbbb $0xff80,%al
sbbb $0xffff,%al
sbbb $0x10000,%al
sbbb $0x7fffffff,%al
sbbb $0x80000000,%al
sbbb $0xffffff80,%al
sbbb $0xffffffff,%al
sbbb $sym,%al
sbbb $sym,sym
sbb $1,(%ebx)
lock sbbb (%ebx),%cl
lock sbbb %cl,%al
sbbw $0,%ax
sbbw $1,%ax
sbbw $-1,%ax
sbbw $127,%ax
sbbw $128,%ax
sbbw $-128,%ax
sbbw $-129,%ax
sbbw $255,%ax
sbbw $256,%ax
sbbw $0x7fff,%ax
sbbw $0x8000,%ax
sbbw $0xff80,%ax
sbbw $0xffff,%ax
sbbw $0x10000,%ax
sbbw $0x7fffffff,%ax
sbbw $0x80000000,%ax
sbbw $0xffffff80,%ax
sbbw $0xffffffff,%ax
sbbw $sym,%ax
sbbw $0,%bx
sbbw $1,%bx
sbbw $-1,%bx
sbbw $127,%bx
sbbw $-128,%bx
sbbw $0xff80,%bx
sbbw $0xffff,%bx
sbbw $0xffffff80,%bx
sbbw $0xffffffff,%bx
sbbw $0,%si
sbbw $1,%si
sbbw $-1,%si
sbbw $127,%si
sbbw $-128,%si
sbbw $0xff80,%si
sbbw $0xffff,%si
sbbw $0xffffff80,%si
sbbw $0xffffffff,%si
sbbw $0,(%ebx)
sbbw $0,sym
sbbw $0,-4(%ebp,%ecx,4)
sbbw $1,(%ebx)
sbbw $1,sym
sbbw $1,-4(%ebp,%ecx,4)
sbbw $-1,(%ebx)
sbbw $-1,sym
sbbw $-1,-4(%ebp,%ecx,4)
sbbw $127,(%ebx)
sbbw $127,sym
sbbw $127,-4(%ebp,%ecx,4)
sbbw $-128,(%ebx)
sbbw $-128,sym
sbbw $-128,-4(%ebp,%ecx,4)
sbbw $0xff80,(%ebx)
sbbw $0xff80,sym
sbbw $0xff80,-4(%ebp,%ecx,4)
sbbw $0xffff,(%ebx)
sbbw $0xffff,sym
sbbw $0xffff,-4(%ebp,%ecx,4)
sbbw $0xffffff80,(%ebx)
sbbw $0xffffff80,sym
sbbw $0xffffff80,-4(%ebp,%ecx,4)
sbbw $0xffffffff,(%ebx)
sbbw $0xffffffff,sym
sbbw $0xffffffff,-4(%ebp,%ecx,4)
sbbw $sym,sym
sbb $1,%bx
lock sbbw $1,(%ebx)
lock sbbw (%ebx),%bx
lock sbbw %bx,%ax
sbbl $0,%eax
sbbl $1,%eax
sbbl $-1,%eax
sbbl $127,%eax
sbbl $128,%eax
sbbl $-128,%eax
sbbl $-129,%eax
sbbl $255,%eax
sbbl $256,%eax
sbbl $0x7fff,%eax
sbbl $0x8000,%eax
sbbl $0xff80,%eax
sbbl $0xffff,%eax
sbbl $0x10000,%eax
sbbl $0x7fffffff,%eax
sbbl $0x80000000,%eax
sbbl $0xffffff80,%eax
sbbl $0xffffffff,%eax
sbbl $sym,%eax
sbbl $0,%ebx
sbbl $1,%ebx
sbbl $-1,%ebx
sbbl $127,%ebx
sbbl $-128,%ebx
sbbl $0xffffff80,%ebx
sbbl $0xffffffff,%ebx
sbbl $0,%esp
sbbl $1,%esp
sbbl $-1,%esp
sbbl $127,%esp
sbbl $-128,%esp
sbbl $0xffffff80,%esp
sbbl $0xffffffff,%esp
sbbl $0,%ebp
sbbl $1,%ebp
sbbl $-1,%ebp
sbbl $127,%ebp
sbbl $-128,%ebp
sbbl $0xffffff80,%ebp
sbbl $0xffffffff,%ebp
sbbl $0,(%ebx)
sbbl $0,sym
sbbl $0,-4(%ebp,%ecx,4)
sbbl $1,(%ebx)
sbbl $1,sym
sbbl $1,-4(%ebp,%ecx,4)
sbbl $-1,(%ebx)
sbbl $-1,sym
sbbl $-1,-4(%ebp,%ecx,4)
sbbl $127,(%ebx)
sbbl $127,sym
sbbl $127,-4(%ebp,%ecx,4)
sbbl $-128,(%ebx)
sbbl $-128,sym
sbbl $-128,-4(%ebp,%ecx,4)
sbbl $0xffffff80,(%ebx)
sbbl $0xffffff80,sym
sbbl $0xffffff80,-4(%ebp,%ecx,4)
sbbl $0xffffffff,(%ebx)
sbbl $0xffffffff,sym
sbbl $0xffffffff,-4(%ebp,%ecx,4)
sbbl $sym,sym
sbb $1,%ebx
lock sbbl $1,(%ebx)
lock sbbl (%ebx),%ebx
lock sbbl %ebx,%eax
andb $0,%al
andb $1,%al
andb $-1,%al
andb $127,%al
andb $128,%al
andb $-128,%al
andb $-129,%al
andb $255,%al
andb $256,%al
andb $0x7fff,%al
andb $0x8000,%al
andb $0xff80,%al
andb $0xffff,%al
andb $0x10000,%al
andb $0x7fffffff,%al
andb $0x80000000,%al
andb $0xffffff80,%al
andb $0xffffffff,%al
andb $sym,%al
andb $sym,sym
and $1,(%ebx)
lock andb (%ebx),%cl
lock andb %cl,%al
andw $0,%ax
andw $1,%ax
andw $-1,%ax
andw $127,%ax
andw $128,%ax
andw $-128,%ax
andw $-129,%ax
andw $255,%ax
andw $256,%ax
andw $0x7fff,%ax
andw $0x8000,%ax
andw $0xff80,%ax
andw $0xffff,%ax
andw $0x10000,%ax
andw $0x7fffffff,%ax
andw $0x80000000,%ax
andw $0xffffff80,%ax
andw $0xffffffff,%ax
andw $sym,%ax
andw $0,%bx
andw $1,%bx
andw $-1,%bx
andw $127,%bx
andw $-128,%bx
andw $0xff80,%bx
andw $0xffff,%bx
andw $0xffffff80,%bx
andw $0xffffffff,%bx
andw $0,%si
andw $1,%si
andw $-1,%si
andw $127,%si
andw $-128,%si
andw $0xff80,%si
andw $0xffff,%si
andw $0xffffff80,%si
andw $0xffffffff,%si
andw $0,(%ebx)
andw $0,sym
andw $0,-4(%ebp,%ecx,4)
andw $1,(%ebx)
andw $1,sym
andw $1,-4(%ebp,%ecx,4)
andw $-1,(%ebx)
andw $-1,sym
andw $-1,-4(%ebp,%ecx,4)
andw $127,(%ebx)
andw $127,sym
andw $127,-4(%ebp,%ecx,4)
andw $-128,(%ebx)
andw $-128,sym
andw $-128,-4(%ebp,%ecx,4)
andw $0xff80,(%ebx)
andw $0xff80,sym
andw $0xff80,-4(%ebp,%ecx,4)
andw $0xffff,(%ebx)
andw $0xffff,sym
andw $0xffff,-4(%ebp,%ecx,4)
andw $0xffffff80,(%ebx)
andw $0xffffff80,sym
andw $0xffffff80,-4(%ebp,%ecx,4)
andw $0xffffffff,(%ebx)
andw $0xffffffff,sym
andw $0xffffffff,-4(%ebp,%ecx,4)
andw $sym,sym
and $1,%bx
lock andw $1,(%ebx)
lock andw (%ebx),%bx
lock andw %bx,%ax
andl $0,%eax
andl $1,%eax
andl $-1,%eax
andl $127,%eax
andl $128,%eax
andl $-128,%eax
andl $-129,%eax
andl $255,%eax
andl $256,%eax
andl $0x7fff,%eax
andl $0x8000,%eax
andl $0xff80,%eax
andl $0xffff,%eax
andl $0x10000,%eax
andl $0x7fffffff,%eax
andl $0x80000000,%eax
andl $0xffffff80,%eax
andl $0xffffffff,%eax
andl $sym,%eax
andl $0,%ebx
andl $1,%ebx
andl $-1,%ebx
andl $127,%ebx
andl $-128,%ebx
andl $0xffffff80,%ebx
andl $0xffffffff,%ebx
andl $0,%esp
andl $1,%esp
andl $-1,%esp
andl $127,%esp
andl $-128,%esp
andl $0xffffff80,%esp
andl $0xffffffff,%esp
andl $0,%ebp
andl $1,%ebp
andl $-1,%ebp
andl $127,%ebp
andl $-128,%ebp
andl $0xffffff80,%ebp
andl $0xffffffff,%ebp
andl $0,(%ebx)
andl $0,sym
andl $0,-4(%ebp,%ecx,4)
andl $1,(%ebx)
andl $1,sym
andl $1,-4(%ebp,%ecx,4)
andl $-1,(%ebx)
andl $-1,sym
andl $-1,-4(%ebp,%ecx,4)
andl $127,(%ebx)
andl $127,sym
andl $127,-4(%ebp,%ecx,4)
andl $-128,(%ebx)
andl $-128,sym
andl $-128,-4(%ebp,%ecx,4)
andl $0xffffff80,(%ebx)
andl $0xffffff80,sym
andl $0xffffff80,-4(%ebp,%ecx,4)
andl $0xffffffff,(%ebx)
andl $0xffffffff,sym
andl $0xffffffff,-4(%ebp,%ecx,4)
andl $sym,sym
and $1,%ebx
lock andl $1,(%ebx)
lock andl (%ebx),%ebx
lock andl %ebx,%eax
subb $0,%al
subb $1,%al
subb $-1,%al
subb $127,%al
subb $128,%al
subb $-128,%al
subb $-129,%al
subb $255,%al
subb $256,%al
subb $0x7fff,%al
subb $0x8000,%al
subb $0xff80,%al
subb $0xffff,%al
subb $0x10000,%al
subb $0x7fffffff,%al
subb $0x80000000,%al
subb $0xffffff80,%al
subb $0xffffffff,%al
subb $sym,%al
subb $sym,sym
sub $1,(%ebx)
lock subb (%ebx),%cl
lock subb %cl,%al
subw $0,%ax
subw $1,%ax
subw $-1,%ax
subw $127,%ax
subw $128,%ax
subw $-128,%ax
subw $-129,%ax
subw $255,%ax
subw $256,%ax
subw $0x7fff,%ax
subw $0x8000,%ax
subw $0xff80,%ax
subw $0xffff,%ax
subw $0x10000,%ax
subw $0x7fffffff,%ax
subw $0x80000000,%ax
subw $0xffffff80,%ax
subw $0xffffffff,%ax
subw $sym,%ax
subw $0,%bx
subw $1,%bx
subw $-1,%bx
subw $127,%bx
subw $-128,%bx
subw $0xff80,%bx
subw $0xffff,%bx
subw $0xffffff80,%bx
subw $0xffffffff,%bx
subw $0,%si
subw $1,%si
subw $-1,%si
subw $127,%si
subw $-128,%si
subw $0xff80,%si
subw $0xffff,%si
subw $0xffffff80,%si
subw $0xffffffff,%si
subw $0,(%ebx)
subw $0,sym
subw $0,-4(%ebp,%ecx,4)
subw $1,(%ebx)
subw $1,sym
subw $1,-4(%ebp,%ecx,4)
subw $-1,(%ebx)
subw $-1,sym
subw $-1,-4(%ebp,%ecx,4)
subw $127,(%ebx)
subw $127,sym
subw $127,-4(%ebp,%ecx,4)
subw $-128,(%ebx)
subw $-128,sym
subw $-128,-4(%ebp,%ecx,4)
subw $0xff80,(%ebx)
subw $0xff80,sym
subw $0xff80,-4(%ebp,%ecx,4)
subw $0xffff,(%ebx)
subw $0xffff,sym
subw $0xffff,-4(%ebp,%ecx,4)
subw $0xffffff80,(%ebx)
subw $0xffffff80,sym
subw $0xffffff80,-4(%ebp,%ecx,4)
subw $0xffffffff,(%ebx)
subw $0xffffffff,sym
subw $0xffffffff,-4(%ebp,%ecx,4)
subw $sym,sym
sub $1,%bx
lock subw $1,(%ebx)
lock subw (%ebx),%bx
lock subw %bx,%ax
subl $0,%eax
subl $1,%eax
subl $-1,%eax
subl $127,%eax
subl $128,%eax
subl $-128,%eax
subl $-129,%eax
subl $255,%eax
subl $256,%eax
subl $0x7fff,%eax
subl $0x8000,%eax
subl $0xff80,%eax
subl $0xffff,%eax
subl $0x10000,%eax
subl $0x7fffffff,%eax
subl $0x80000000,%eax
subl $0xffffff80,%eax
subl $0xffffffff,%eax
subl $sym,%eax
subl $0,%ebx
subl $1,%ebx
subl $-1,%ebx
subl $127,%ebx
subl $-128,%ebx
subl $0xffffff80,%ebx
subl $0xffffffff,%ebx
subl $0,%esp
subl $1,%esp
subl $-1,%esp
subl $127,%esp
subl $-128,%esp
subl $0xffffff80,%esp
subl $0xffffffff,%esp
subl $0,%ebp
subl $1,%ebp
subl $-1,%ebp
subl $127,%ebp
subl $-128,%ebp
subl $0xffffff80,%ebp
subl $0xffffffff,%ebp
subl $0,(%ebx)
subl $0,sym
subl $0,-4(%ebp,%ecx,4)
subl $1,(%ebx)
subl $1,sym
subl $1,-4(%ebp,%ecx,4)
subl $-1,(%ebx)
subl $-1,sym
subl $-1,-4(%ebp,%ecx,4)
subl $127,(%ebx)
subl $127,sym
subl $127,-4(%ebp,%ecx,4)
subl $-128,(%ebx)
subl $-128,sym
subl $-128,-4(%ebp,%ecx,4)
subl $0xffffff80,(%ebx)
subl $0xffffff80,sym
subl $0xffffff80,-4(%ebp,%ecx,4)
subl $0xffffffff,(%ebx)
subl $0xffffffff,sym
subl $0xffffffff,-4(%ebp,%ecx,4)
subl $sym,sym
sub $1,%ebx
lock subl $1,(%ebx)
lock subl (%ebx),%ebx
lock subl %ebx,%eax
xorb $0,%al
xorb $1,%al
xorb $-1,%al
xorb $127,%al
xorb $128,%al
xorb $-128,%al
xorb $-129,%al
xorb $255,%al
xorb $256,%al
xorb $0x7fff,%al
xorb $0x8000,%al
xorb $0xff80,%al
xorb $0xffff,%al
xorb $0x10000,%al
xorb $0x7fffffff,%al
xorb $0x80000000,%al
xorb $0xffffff80,%al
xorb $0xffffffff,%al
xorb $sym,%al
xorb $sym,sym
xor $1,(%ebx)
lock xorb (%ebx),%cl
lock xorb %cl,%al
xorw $0,%ax
xorw $1,%ax
xorw $-1,%ax
xorw $127,%ax
xorw $128,%ax
xorw $-128,%ax
xorw $-129,%ax
xorw $255,%ax
xorw $256,%ax
xorw $0x7fff,%ax
xorw $0x8000,%ax
xorw $0xff80,%ax
xorw $0xffff,%ax
xorw $0x10000,%ax
xorw $0x7fffffff,%ax
xorw $0x80000000,%ax
xorw $0xffffff80,%ax
xorw $0xffffffff,%ax
xorw $sym,%ax
xorw $0,%bx
xorw $1,%bx
xorw $-1,%bx
xorw $127,%bx
xorw $-128,%bx
xorw $0xff80,%bx
xorw $0xffff,%bx
xorw $0xffffff80,%bx
xorw $0xffffffff,%bx
xorw $0,%si
xorw $1,%si
xorw $-1,%si
xorw $127,%si
xorw $-128,%si
xorw $0xff80,%si
xorw $0xffff,%si
xorw $0xffffff80,%si
xorw $0xffffffff,%si
xorw $0,(%ebx)
xorw $0,sym
xorw $0,-4(%ebp,%ecx,4)
xorw $1,(%ebx)
xorw $1,sym
xorw $1,-4(%ebp,%ecx,4)
xorw $-1,(%ebx)
xorw $-1,sym
xorw $-1,-4(%ebp,%ecx,4)
xorw $127,(%ebx)
xorw $127,sym
xorw $127,-4(%ebp,%ecx,4)
xorw $-128,(%ebx)
xorw $-128,sym
xorw $-128,-4(%ebp,%ecx,4)
xorw $0xff80,(%ebx)
xorw $0xff80,sym
xorw $0xff80,-4(%ebp,%ecx,4)
xorw $0xffff,(%ebx)
xorw $0xffff,sym
xorw $0xffff,-4(%ebp,%ecx,4)
xorw $0xffffff80,(%ebx)
xorw $0xffffff80,sym
xorw $0xffffff80,-4(%ebp,%ecx,4)
xorw $0xffffffff,(%ebx)
xorw $0xffffffff,sym
xorw $0xffffffff,-4(%ebp,%ecx,4)
xorw $sym,sym
xor $1,%bx
lock xorw $1,(%ebx)
lock xorw (%ebx),%bx
lock xorw %bx,%ax
xorl $0,%eax
xorl $1,%eax
xorl $-1,%eax
xorl $127,%eax
xorl $128,%eax
xorl $-128,%eax
xorl $-129,%eax
xorl $255,%eax
xorl $256,%eax
xorl $0x7fff,%eax
xorl $0x8000,%eax
xorl $0xff80,%eax
xorl $0xffff,%eax
xorl $0x10000,%eax
xorl $0x7fffffff,%eax
xorl $0x80000000,%eax
xorl $0xffffff80,%eax
xorl $0xffffffff,%eax
xorl $sym,%eax
xorl $0,%ebx
xorl $1,%ebx
xorl $-1,%ebx
xorl $127,%ebx
xorl $-128,%ebx
xorl $0xffffff80,%ebx
xorl $0xffffffff,%ebx
xorl $0,%esp
xorl $1,%esp
xorl $-1,%esp
xorl $127,%esp
xorl $-128,%esp
xorl $0xffffff80,%esp
xorl $0xffffffff,%esp
xorl $0,%ebp
xorl $1,%ebp
xorl $-1,%ebp
xorl $127,%ebp
xorl $-128,%ebp
xorl $0xffffff80,%ebp
xorl $0xffffffff,%ebp
xorl $0,(%ebx)
xorl $0,sym
xorl $0,-4(%ebp,%ecx,4)
xorl $1,(%ebx)
xorl $1,sym
xorl $1,-4(%ebp,%ecx,4)
xorl $-1,(%ebx)
xorl $-1,sym
xorl $-1,-4(%ebp,%ecx,4)
xorl $127,(%ebx)
xorl $127,sym
xorl $127,-4(%ebp,%ecx,4)
xorl $-128,(%ebx)
xorl $-128,sym
xorl $-128,-4(%ebp,%ecx,4)
xorl $0xffffff80,(%ebx)
xorl $0xffffff80,sym
xorl $0xffffff80,-4(%ebp,%ecx,4)
xorl $0xffffffff,(%ebx)
xorl $0xffffffff,sym
xorl $0xffffffff,-4(%ebp,%ecx,4)
xorl $sym,sym
xor $1,%ebx
lock xorl $1,(%ebx)
lock xorl (%ebx),%ebx
lock xorl %ebx,%eax
cmpb $0,%al
cmpb $1,%al
cmpb $-1,%al
cmpb $127,%al
cmpb $128,%al
cmpb $-128,%al
cmpb $-129,%al
cmpb $255,%al
cmpb $256,%al
cmpb $0x7fff,%al
cmpb $0x8000,%al
cmpb $0xff80,%al
cmpb $0xffff,%al
cmpb $0x10000,%al
cmpb $0x7fffffff,%al
cmpb $0x80000000,%al
cmpb $0xffffff80,%al
cmpb $0xffffffff,%al
cmpb $sym,%al
cmpb $sym,sym
cmp $1,(%ebx)
cmpw $0,%ax
cmpw $1,%ax
cmpw $-1,%ax
cmpw $127,%ax
cmpw $128,%ax
cmpw $-128,%ax
cmpw $-129,%ax
cmpw $255,%ax
cmpw $256,%ax
cmpw $0x7fff,%ax
cmpw $0x8000,%ax
cmpw $0xff80,%ax
cmpw $0xffff,%ax
cmpw $0x10000,%ax
cmpw $0x7fffffff,%ax
cmpw $0x80000000,%ax
cmpw $0xffffff80,%ax
cmpw $0xffffffff,%ax
cmpw $sym,%ax
cmpw $0,%bx
cmpw $1,%bx
cmpw $-1,%bx
cmpw $127,%bx
cmpw $-128,%bx
cmpw $0xff80,%bx
cmpw $0xffff,%bx
cmpw $0xffffff80,%bx
cmpw $0xffffffff,%bx
cmpw $0,%si
cmpw $1,%si
cmpw $-1,%si
cmpw $127,%si
cmpw $-128,%si
cmpw $0xff80,%si
cmpw $0xffff,%si
cmpw $0xffffff80,%si
cmpw $0xffffffff,%si
cmpw $0,(%ebx)
cmpw $0,sym
cmpw $0,-4(%ebp,%ecx,4)
cmpw $1,(%ebx)
cmpw $1,sym
cmpw $1,-4(%ebp,%ecx,4)
cmpw $-1,(%ebx)
cmpw $-1,sym
cmpw $-1,-4(%ebp,%ecx,4)
cmpw $127,(%ebx)
cmpw $127,sym
cmpw $127,-4(%ebp,%ecx,4)
cmpw $-128,(%ebx)
cmpw $-128,sym
cmpw $-128,-4(%ebp,%ecx,4)
cmpw $0xff80,(%ebx)
cmpw $0xff80,sym
cmpw $0xff80,-4(%ebp,%ecx,4)
cmpw $0xffff,(%ebx)
cmpw $0xffff,sym
cmpw $0xffff,-4(%ebp,%ecx,4)
cmpw $0xffffff80,(%ebx)
cmpw $0xffffff80,sym
cmpw $0xffffff80,-4(%ebp,%ecx,4)
cmpw $0xffffffff,(%ebx)
cmpw $0xffffffff,sym
cmpw $0xffffffff,-4(%ebp,%ecx,4)
cmpw $sym,sym
cmp $1,%bx
cmpl $0,%eax
cmpl $1,%eax
cmpl $-1,%eax
cmpl $127,%eax
cmpl $128,%eax
cmpl $-128,%eax
cmpl $-129,%eax
cmpl $255,%eax
cmpl $256,%eax
cmpl $0x7fff,%eax
cmpl $0x8000,%eax
cmpl $0xff80,%eax
cmpl $0xffff,%eax
cmpl $0x10000,%eax
cmpl $0x7fffffff,%eax
cmpl $0x80000000,%eax
cmpl $0xffffff80,%eax
cmpl $0xffffffff,%eax
cmpl $sym,%eax
cmpl $0,%ebx
cmpl $1,%ebx
cmpl $-1,%ebx
cmpl $127,%ebx
cmpl $-128,%ebx
cmpl $0xffffff80,%ebx
cmpl $0xffffffff,%ebx
cmpl $0,%esp
cmpl $1,%esp
cmpl $-1,%esp
cmpl $127,%esp
cmpl $-128,%esp
cmpl $0xffffff80,%esp
cmpl $0xffffffff,%esp
cmpl $0,%ebp
cmpl $1,%ebp
cmpl $-1,%ebp
cmpl $127,%ebp
cmpl $-128,%ebp
cmpl $0xffffff80,%ebp
cmpl $0xffffffff,%ebp
cmpl $0,(%ebx)
cmpl $0,sym
cmpl $0,-4(%ebp,%ecx,4)
cmpl $1,(%ebx)
cmpl $1,sym
cmpl $1,-4(%ebp,%ecx,4)
cmpl $-1,(%ebx)
cmpl $-1,sym
cmpl $-1,-4(%ebp,%ecx,4)
cmpl $127,(%ebx)
cmpl $127,sym
cmpl $127,-4(%ebp,%ecx,4)
cmpl $-128,(%ebx)
cmpl $-128,sym
cmpl $-128,-4(%ebp,%ecx,4)
cmpl $0xffffff80,(%ebx)
cmpl $0xffffff80,sym
cmpl $0xffffff80,-4(%ebp,%ecx,4)
cmpl $0xffffffff,(%ebx)
cmpl $0xffffffff,sym
cmpl $0xffffffff,-4(%ebp,%ecx,4)
cmpl $sym,sym
cmp $1,%ebx
testb (%ebx),%al
testb sym,%al
testb $0,%al
testb $1,%al
testb $-1,%al
testb $127,%al
testb $128,%al
testb $-128,%al
testb $-129,%al
testb $255,%al
testb $256,%al
testb $0x7fff,%al
testb $0x8000,%al
testb $0xff80,%al
testb $0xffff,%al
testb $0x10000,%al
testb $0x7fffffff,%al
testb $0x80000000,%al
testb $0xffffff80,%al
testb $0xffffffff,%al
testb $sym,%al
testb (%ebx),%cl
testb sym,%cl
testb (%ebx),%bh
testb sym,%bh
testb $sym,sym
testw (%ebx),%ax
testw sym,%ax
testw $0,%ax
testw $1,%ax
testw $-1,%ax
testw $127,%ax
testw $128,%ax
testw $-128,%ax
testw $-129,%ax
testw $255,%ax
testw $256,%ax
testw $0x7fff,%ax
testw $0x8000,%ax
testw $0xff80,%ax
testw $0xffff,%ax
testw $0x10000,%ax
testw $0x7fffffff,%ax
testw $0x80000000,%ax
testw $0xffffff80,%ax
testw $0xffffffff,%ax
testw $sym,%ax
testw (%ebx),%bx
testw sym,%bx
testw (%ebx),%si
testw sym,%si
testw $sym,sym
testl (%ebx),%eax
testl sym,%eax
testl $0,%eax
testl $1,%eax
testl $-1,%eax
testl $127,%eax
testl $128,%eax
testl $-128,%eax
testl $-129,%eax
testl $255,%eax
testl $256,%eax
testl $0x7fff,%eax
testl $0x8000,%eax
testl $0xff80,%eax
testl $0xffff,%eax
testl $0x10000,%eax
testl $0x7fffffff,%eax
testl $0x80000000,%eax
testl $0xffffff80,%eax
testl $0xffffffff,%eax
testl (%ebx),%ebx
testl sym,%ebx
testl (%ebx),%esp
testl sym,%esp
testl (%ebx),%ebp
testl sym,%ebp
testl $sym,sym
movb $sym,sym
movw $sym,sym
movl $sym,sym
pushb %al
push %al
pushb %cl
push %cl
pushb %bh
push %bh
pushb (%ebx)
pushb sym
pushb 8(%esp)
pushb $1
pushw $1
pushl $1
popb %al
pop %al
popb %cl
pop %cl
popb %bh
pop %bh
popb (%ebx)
popb sym
popb 8(%esp)
salb $1,%cl
salb $1,(%ebx)
sal $1,%cl
sal $1,(%ebx)
salw $1,%bx
salw $1,(%ebx)
sal $1,%bx
salw $-1,%bx
salw $-1,(%ebx)
sal $-1,%bx
salw %cl
sall $1,%ebx
sall $1,(%ebx)
sal $1,%ebx
sall $-1,%ebx
sall $-1,(%ebx)
sal $-1,%ebx
sall %cl
shlb $1,%cl
shlb $1,(%ebx)
shl $1,%cl
shl $1,(%ebx)
shlw $1,%bx
shlw $1,(%ebx)
shl $1,%bx
shlw $-1,%bx
shlw $-1,(%ebx)
shl $-1,%bx
shlw %cl
shll $1,%ebx
shll $1,(%ebx)
shl $1,%ebx
shll $-1,%ebx
shll $-1,(%ebx)
shl $-1,%ebx
shll %cl
shrb $1,%cl
shrb $1,(%ebx)
shr $1,%cl
shr $1,(%ebx)
shrw $1,%bx
shrw $1,(%ebx)
shr $1,%bx
shrw $-1,%bx
shrw $-1,(%ebx)
shr $-1,%bx
shrw %cl
shrl $1,%ebx
shrl $1,(%ebx)
shr $1,%ebx
shrl $-1,%ebx
shrl $-1,(%ebx)
shr $-1,%ebx
shrl %cl
sarb $1,%cl
sarb $1,(%ebx)
sar $1,%cl
sar $1,(%ebx)
sarw $1,%bx
sarw $1,(%ebx)
sar $1,%bx
sarw $-1,%bx
sarw $-1,(%ebx)
sar $-1,%bx
sarw %cl
sarl $1,%ebx
sarl $1,(%ebx)
sar $1,%ebx
sarl $-1,%ebx
sarl $-1,(%ebx)
sar $-1,%ebx
sarl %cl
rolb $1,%cl
rolb $1,(%ebx)
rol $1,%cl
rol $1,(%ebx)
rolw $1,%bx
rolw $1,(%ebx)
rol $1,%bx
rolw %cl
roll $1,%ebx
roll $1,(%ebx)
rol $1,%ebx
roll %cl
rorb $1,%cl
rorb $1,(%ebx)
ror $1,%cl
ror $1,(%ebx)
rorw $1,%bx
rorw $1,(%ebx)
ror $1,%bx
rorw %cl
rorl $1,%ebx
rorl $1,(%ebx)
ror $1,%ebx
rorl %cl
rclb $1,%cl
rclb $1,(%ebx)
rcl $1,%cl
rcl $1,(%ebx)
rclw $1,%bx
rclw $1,(%ebx)
rcl $1,%bx
rclw $-1,%bx
rclw $-1,(%ebx)
rcl $-1,%bx
rclw %cl
rcll $1,%ebx
rcll $1,(%ebx)
rcl $1,%ebx
rcll $-1,%ebx
rcll $-1,(%ebx)
rcl $-1,%ebx
rcll %cl
rcrb $1,%cl
rcrb $1,(%ebx)
rcr $1,%cl
rcr $1,(%ebx)
rcrw $1,%bx
rcrw $1,(%ebx)
rcr $1,%bx
rcrw $-1,%bx
rcrw $-1,(%ebx)
rcr $-1,%bx
rcrw %cl
rcrl $1,%ebx
rcrl $1,(%ebx)
rcr $1,%ebx
rcrl $-1,%ebx
rcrl $-1,(%ebx)
rcr $-1,%ebx
rcrl %cl
shldw $4,%ax,%bx
shldw %cl,%ax,%bx
shldw $4,%ax,(%ebx)
shldw %cl,%ax,(%ebx)
shldw %ax,%bx
shldw %ax,(%ebx)
shldl $4,%eax,%ebx
shldl %cl,%eax,%ebx
shldl $4,%eax,(%ebx)
shldl %cl,%eax,(%ebx)
shldl %eax,%ebx
shldl %eax,(%ebx)
shrdw $4,%ax,%bx
shrdw %cl,%ax,%bx
shrdw $4,%ax,(%ebx)
shrdw %cl,%ax,(%ebx)
shrdw %ax,%bx
shrdw %ax,(%ebx)
shrdl $4,%eax,%ebx
shrdl %cl,%eax,%ebx
shrdl $4,%eax,(%ebx)
shrdl %cl,%eax,(%ebx)
shrdl %eax,%ebx
shrdl %eax,(%ebx)
imulw $2,%bx
imul $2,%bx
imulw $127,%bx
imul $127,%bx
imulw $128,%bx
imul $128,%bx
imulw $-128,%bx
imul $-128,%bx
imulw $-129,%bx
imul $-129,%bx
imulw $0x1000,%bx
imul $0x1000,%bx
imulw $sym,%bx
imul $sym,%bx
imulw $0x7fffffff,%bx
imul $0x7fffffff,%bx
imulw $0x12345678,%bx
imul $0x12345678,%bx
imulb $2,%al,%bl
imulb %al,%bl
divw %bx,%ax
idivw (%ebx),%ax
btw $256,%bx
lock btw %ax,(%ebx)
btb $1,%al
btsw $256,%bx
btsb $1,%al
btrb $1,%al
btcb $1,%al
bsfw $1,%ax
bsrw $1,%ax
lslw %ax,%bx
lslw (%ebx),%bx
larw %ax,%bx
larw (%ebx),%bx
popcntw $1,%ax
lzcntw $1,%ax
tzcntw $1,%ax
xchgw %ax,%bx
xchgw %bx,%ax
xchg %bx,%ax
xchgw %ax,%ax
imull $2,%ebx
imul $2,%ebx
imull $127,%ebx
imul $127,%ebx
imull $128,%ebx
imul $128,%ebx
imull $-128,%ebx
imul $-128,%ebx
imull $-129,%ebx
imul $-129,%ebx
imull $0x1000,%ebx
imul $0x1000,%ebx
imull $sym,%ebx
imul $sym,%ebx
imull $0x7fffffff,%ebx
imul $0x7fffffff,%ebx
imull $0x12345678,%ebx
imul $0x12345678,%ebx
divl %ebx,%eax
idivl (%ebx),%eax
btl $256,%ebx
lock btl %eax,(%ebx)
btsl $256,%ebx
bsfl $1,%eax
bsrl $1,%eax
lsll %eax,%ebx
lsll (%ebx),%ebx
larl %eax,%ebx
larl (%ebx),%ebx
popcntl $1,%eax
lzcntl $1,%eax
tzcntl $1,%eax
xchgl %eax,%ebx
xchgl %ebx,%eax
xchg %ebx,%eax
xchgl %eax,%eax
cmpxchg8b %eax
xchg %eax,%eax
xchg %ax,%bx
xchg %eax,%ecx
xchg %ecx,%eax
lock incl %eax
lock
rep
repne
lock; incl (%eax)
rep; nop
rep; ret
xacquire lock addl %eax,(%ebx)
xrelease movl %eax,(%ebx)
ds call sym
data16 movl %eax,%ebx
addr16 movl %eax,(%eax)
addr32 nop
data16
addr32
data16 pushl $1
data16 jmp sym
addr16 jcxz 1f | 1:
rex.W nop
rex movb %al,%bl
rex.B incl %eax
data16 rex.W nop
rep; movsb
repe; cmpsb
repne; scasb
lock; cmpxchgl %ecx,(%ebx)
lock addl %eax,%ebx
seta %ax
seta %eax
setab %al
cmovab %al,%bl
ja $1
jmp .
jmp .+2
jmp .+0x100
call .
call .+5
je .
je .+2
push $1
push $127
push $-128
push $0xffffffff
push $-1
pushw $-1
pushw $0xffff
xsetbv
vmcall
vmlaunch
vmresume
vmxoff
bswap %ax
bswapw %ax
lgdt %eax
invlpg %eax
lmsw %eax
rdfsbase %eax
wrgsbase %eax
hlt %eax
int $sym
ret $sym
enter $sym,$1
leab (%eax),%al
lea (%eax),%al
movsl (%edi),%es:(%esi)
movsl (%esi),%ds:(%edi)
stosl %eax,%ds:(%edi)
movsl (%eax),%es:(%ebx)
stosb %bl,%es:(%edi)
smovl
ssca
slod
ssto
scmp
inb %dx
inb $1
inl %dx
in %dx
outb %dx
outb $0x80
in $0x60,%rax
inb %dx,%ax
outb %ax,%dx
in $sym,%al
out %al,$sym
fld (%ebx)
fst (%ebx)
fstp (%ebx)
fadd (%ebx)
fsub (%ebx)
fsubp %st(1),%st
fsubr (%ebx)
fsubrp %st(1),%st
fmul (%ebx)
fdiv (%ebx)
fdivp %st(1),%st
fdivr (%ebx)
fdivrp %st(1),%st
fcom (%ebx)
fcom %st(1),%st
fcom %st(3),%st(0)
fcom %st,%st
fcomp %st(1),%st
fcomp (%ebx)
fcomp %st(3),%st(0)
fcomp %st,%st
fucomip
fcomi
fucomi
fnstsw %eax
fldenvs (%eax)
fnstenvl (%eax)
fsetpm
fdisi
feni
fneni
fndisi
.code16 | push %eax
.code16 | lgdt sym
.code16 | lgdtl sym
.code16 | lidtw sym
.code16 | movw sym,%ax
.code16 | movl sym,%eax
.code16 | movw %ax,sym
.code16 | movb sym,%al
.code16 | addw $1,%ax
.code16 | addw $0x1000,%ax
.code16 | addl $0x1000,%eax
.code16 | addl $1,(%bx)
.code16 | addw $1,(%bx,%si)
.code16 | movw sym(%bx),%ax
.code16 | movw $sym,%ax
.code16 | movl $sym,%eax
.code16 | pushw $1
.code16 | pushl $1
.code16 | push $1
.code16 | call *%eax
.code16 | calll sym
.code16 | jmpl sym
.code16 | data32 jmp sym
.code16 | xor %eax,%eax
.code16 | testw $0x100,%ax
.code16 | testl $0x100,%eax
.code16 | movw $0x1234,sym
.code16 | movw %fs:sym,%ax
.code16 | bswap %eax
.code16 | xchgw %ax,%bx
.code16 | xchgl %eax,%ebx
.code16 | flds (%bx)
.code16 | nop | .code32 | movl sym,%eax | .code16 | movw sym,%ax
.code16 | movl sym(%eax),%ebx
.code16 | pushl $sym
.code16 | pushw $sym
.code16 | je sym
.code16 | movw 0xffff(%bx),%ax
.code16gcc | pushl %eax
.code16gcc | call sym
.code16gcc | ret
.code16gcc | push $1
.code16gcc | leave
.code64 | movq %rax,%rbx
addr16 movl sym,%eax
addr16 movl %eax,sym
addr16 loop 1f | 1:
fldl (%bx)
