# Lines of x86_64_lines.txt that this assembler and GNU as assemble differently.
# Written by gnu-diff.py --write-baseline; see test_gnu_differential.sh.
movl %eax,%ds:sym
movl %ds:sym,%ecx
leal %ds:sym,%edx
movl %eax,%ss:(%rbp)
movl %ss:(%rbp),%ecx
leal %ss:(%rbp),%edx
leal %fs:sym@TPOFF,%edx
movl sym@GOTPCREL(%rip),%ecx
movl %eax,sym@GOTTPOFF(%rip)
movl sym@GOTTPOFF(%rip),%ecx
leal sym@GOTTPOFF(%rip),%edx
movl %eax,sym@TLSGD(%rip)
movl sym@TLSGD(%rip),%ecx
leal sym@TLSGD(%rip),%edx
movl %eax,sym@TLSLD(%rip)
movl sym@TLSLD(%rip),%ecx
leal sym@TLSLD(%rip),%edx
movl %eax,sym(%eip)
movl sym(%eip),%ecx
leal sym(%eip),%edx
leal sym@GOT(%rax),%edx
leal sym@TPOFF(%rax),%edx
leal sym@DTPOFF(%rax),%edx
movl sym@GOTPCREL+4(%rip),%ecx
movl %eax,(%eax,%eax,0)
movl (%eax,%eax,0),%ecx
leal (%eax,%eax,0),%edx
movl %eax,(%eax,%ebx,4,5)
movl (%eax,%ebx,4,5),%ecx
leal (%eax,%ebx,4,5),%edx
movl %eax,(%rip,%rax)
movl (%rip,%rax),%ecx
leal (%rip,%rax),%edx
movl %eax,sym(%rip,%rax,2)
movl sym(%rip,%rax,2),%ecx
leal sym(%rip,%rax,2),%edx
movl %eax,0x123456789(%rax)
movl 0x123456789(%rax),%ecx
movl %eax,0x80000000(%rax)
movl 0x80000000(%rax),%ecx
movl %eax,-0x80000001(%rax)
movl -0x80000001(%rax),%ecx
movl %eax,0xffffffff(%rax)
movl 0xffffffff(%rax),%ecx
movl %eax,(%r16)
movl (%r16),%ecx
leal (%r16),%edx
pushq (%rax)
pushq 0x12345(%rax)
pushq 127(%rbx)
pushq sym+4(%rbx)
movl $sym2,sym+4(%rbx)
movq $sym2,sym+4(%rbx)
pushq -129(%rsp)
pushq -8(%rbp)
pushq sym(%rbp)
movl $sym2,sym(%rbp)
movq $sym2,sym(%rbp)
pushq -128(%rsi)
pushq 8(%r8)
pushq 0(%r8)
fldl 0(%r8)
pushq 128(%r12)
pushq (%r13)
pushq 0x12345(%r13)
pushq 127(%r15)
pushq sym+4(%r15)
movl $sym2,sym+4(%r15)
movq $sym2,sym+4(%r15)
pushq (%rax,%rbx)
pushq (%rax,%rbp,1)
pushq (%rax,%rsi,2)
pushq 4(%rax,%r12,4)
pushq 0x1000(%rax,%r13,8)
pushq sym(%rax,%r15,8)
movl $sym2,sym(%rax,%r15,8)
movq $sym2,sym(%rax,%r15,8)
pushq (%rbx,%rbx)
pushq (%rbx,%rbp,1)
pushq (%rbx,%rsi,2)
pushq 4(%rbx,%r12,4)
pushq 0x1000(%rbx,%r13,8)
pushq sym(%rbx,%r15,8)
movl $sym2,sym(%rbx,%r15,8)
movq $sym2,sym(%rbx,%r15,8)
pushq (%rsp,%rbx)
pushq (%rsp,%rbp,1)
pushq (%rsp,%rsi,2)
pushq 4(%rsp,%r12,4)
pushq 0x1000(%rsp,%r13,8)
pushq sym(%rsp,%r15,8)
movl $sym2,sym(%rsp,%r15,8)
movq $sym2,sym(%rsp,%r15,8)
pushq (%rbp,%rbx)
pushq (%rbp,%rbp,1)
pushq (%rbp,%rsi,2)
pushq 4(%rbp,%r12,4)
pushq 0x1000(%rbp,%r13,8)
pushq sym(%rbp,%r15,8)
movl $sym2,sym(%rbp,%r15,8)
movq $sym2,sym(%rbp,%r15,8)
pushq (%rsi,%rbx)
pushq (%rsi,%rbp,1)
pushq (%rsi,%rsi,2)
pushq 4(%rsi,%r12,4)
pushq 0x1000(%rsi,%r13,8)
pushq sym(%rsi,%r15,8)
movl $sym2,sym(%rsi,%r15,8)
movq $sym2,sym(%rsi,%r15,8)
pushq (%r12,%rbx)
pushq (%r12,%rbp,1)
pushq (%r12,%rsi,2)
pushq 4(%r12,%r12,4)
pushq 0x1000(%r12,%r13,8)
pushq sym(%r12,%r15,8)
movl $sym2,sym(%r12,%r15,8)
movq $sym2,sym(%r12,%r15,8)
pushq (%r13,%rbx)
pushq (%r13,%rbp,1)
pushq (%r13,%rsi,2)
pushq 4(%r13,%r12,4)
pushq 0x1000(%r13,%r13,8)
pushq sym(%r13,%r15,8)
movl $sym2,sym(%r13,%r15,8)
movq $sym2,sym(%r13,%r15,8)
pushq (%r15,%rbx)
pushq (%r15,%rbp,1)
pushq (%r15,%rsi,2)
pushq 4(%r15,%r12,4)
pushq 0x1000(%r15,%r13,8)
pushq sym(%r15,%r15,8)
movl $sym2,sym(%r15,%r15,8)
movq $sym2,sym(%r15,%r15,8)
pushq 8(,%rbx,2)
pushq (,%rbp,1)
pushq (,%r8,4)
pushq sym(,%r12,8)
movl $sym2,sym(,%r12,8)
movq $sym2,sym(,%r12,8)
pushq (,%r13)
pushq sym+4
movl $sym2,sym+4
movq $sym2,sym+4
pushq %gs:20
pushq sym(%rip)
movl $sym2,sym(%rip)
movq $sym2,sym(%rip)
movb $1,sym@TLSLD(%rip)
movw $0x1234,sym@TLSLD(%rip)
movl $0x12345678,sym@TLSLD(%rip)
addl $4,sym@TLSLD(%rip)
cmpb $0,sym@TLSLD(%rip)
incl sym@TLSLD(%rip)
pushq sym@TLSLD(%rip)
call *sym@TLSLD(%rip)
testl $1,sym@TLSLD(%rip)
shll $3,sym@TLSLD(%rip)
imull $100,sym@TLSLD(%rip),%eax
fldl sym@TLSLD(%rip)
movb %al,sym@TLSLD(%rip)
movw sym@TLSLD(%rip),%bx
movq %rax,sym@TLSLD(%rip)
movq sym@TLSLD(%rip),%r9
movq $1,sym@TLSLD(%rip)
leaq sym@TLSLD(%rip),%r10
cmpq $0x100,sym@TLSLD(%rip)
addq $-1,sym@TLSLD(%rip)
movb $1,sym(%eip)
movw $0x1234,sym(%eip)
movl $0x12345678,sym(%eip)
addl $4,sym(%eip)
cmpb $0,sym(%eip)
incl sym(%eip)
pushq sym(%eip)
call *sym(%eip)
movl $sym2,sym(%eip)
testl $1,sym(%eip)
shll $3,sym(%eip)
imull $100,sym(%eip),%eax
fldl sym(%eip)
movb %al,sym(%eip)
movw sym(%eip),%bx
movq %rax,sym(%eip)
movq sym(%eip),%r9
movq $1,sym(%eip)
leaq sym(%eip),%r10
cmpq $0x100,sym(%eip)
movq $sym2,sym(%eip)
addq $-1,sym(%eip)
fldl (%al)
movb $1,(%eax,%eax,0)
movw $0x1234,(%eax,%eax,0)
movl $0x12345678,(%eax,%eax,0)
addl $4,(%eax,%eax,0)
cmpb $0,(%eax,%eax,0)
incl (%eax,%eax,0)
pushq (%eax,%eax,0)
call *(%eax,%eax,0)
movl $sym2,(%eax,%eax,0)
testl $1,(%eax,%eax,0)
shll $3,(%eax,%eax,0)
imull $100,(%eax,%eax,0),%eax
fldl (%eax,%eax,0)
movb %al,(%eax,%eax,0)
movw (%eax,%eax,0),%bx
movq %rax,(%eax,%eax,0)
movq (%eax,%eax,0),%r9
movq $1,(%eax,%eax,0)
leaq (%eax,%eax,0),%r10
cmpq $0x100,(%eax,%eax,0)
movq $sym2,(%eax,%eax,0)
addq $-1,(%eax,%eax,0)
fldl (%cx)
movb $1,(%eax,%ebx,4,5)
movw $0x1234,(%eax,%ebx,4,5)
movl $0x12345678,(%eax,%ebx,4,5)
addl $4,(%eax,%ebx,4,5)
cmpb $0,(%eax,%ebx,4,5)
incl (%eax,%ebx,4,5)
pushq (%eax,%ebx,4,5)
call *(%eax,%ebx,4,5)
movl $sym2,(%eax,%ebx,4,5)
testl $1,(%eax,%ebx,4,5)
shll $3,(%eax,%ebx,4,5)
imull $100,(%eax,%ebx,4,5),%eax
fldl (%eax,%ebx,4,5)
movb %al,(%eax,%ebx,4,5)
movw (%eax,%ebx,4,5),%bx
movq %rax,(%eax,%ebx,4,5)
movq (%eax,%ebx,4,5),%r9
movq $1,(%eax,%ebx,4,5)
leaq (%eax,%ebx,4,5),%r10
cmpq $0x100,(%eax,%ebx,4,5)
movq $sym2,(%eax,%ebx,4,5)
addq $-1,(%eax,%ebx,4,5)
movb $1,(%rip,%rax)
movw $0x1234,(%rip,%rax)
movl $0x12345678,(%rip,%rax)
addl $4,(%rip,%rax)
cmpb $0,(%rip,%rax)
incl (%rip,%rax)
pushq (%rip,%rax)
call *(%rip,%rax)
movl $sym2,(%rip,%rax)
testl $1,(%rip,%rax)
shll $3,(%rip,%rax)
imull $100,(%rip,%rax),%eax
fldl (%rip,%rax)
movb %al,(%rip,%rax)
movw (%rip,%rax),%bx
movq %rax,(%rip,%rax)
movq (%rip,%rax),%r9
movq $1,(%rip,%rax)
leaq (%rip,%rax),%r10
cmpq $0x100,(%rip,%rax)
movq $sym2,(%rip,%rax)
addq $-1,(%rip,%rax)
movb $1,sym(%rip,%rax,2)
movw $0x1234,sym(%rip,%rax,2)
movl $0x12345678,sym(%rip,%rax,2)
addl $4,sym(%rip,%rax,2)
cmpb $0,sym(%rip,%rax,2)
incl sym(%rip,%rax,2)
pushq sym(%rip,%rax,2)
call *sym(%rip,%rax,2)
testl $1,sym(%rip,%rax,2)
shll $3,sym(%rip,%rax,2)
imull $100,sym(%rip,%rax,2),%eax
fldl sym(%rip,%rax,2)
movb %al,sym(%rip,%rax,2)
movw sym(%rip,%rax,2),%bx
movq %rax,sym(%rip,%rax,2)
movq sym(%rip,%rax,2),%r9
movq $1,sym(%rip,%rax,2)
leaq sym(%rip,%rax,2),%r10
cmpq $0x100,sym(%rip,%rax,2)
addq $-1,sym(%rip,%rax,2)
fldl (%bx)
movb $1,0x123456789(%rax)
movw $0x1234,0x123456789(%rax)
movl $0x12345678,0x123456789(%rax)
addl $4,0x123456789(%rax)
cmpb $0,0x123456789(%rax)
incl 0x123456789(%rax)
pushq 0x123456789(%rax)
call *0x123456789(%rax)
movl $sym2,0x123456789(%rax)
testl $1,0x123456789(%rax)
shll $3,0x123456789(%rax)
imull $100,0x123456789(%rax),%eax
fldl 0x123456789(%rax)
movb %al,0x123456789(%rax)
movw 0x123456789(%rax),%bx
movq %rax,0x123456789(%rax)
movq 0x123456789(%rax),%r9
movq $1,0x123456789(%rax)
leaq 0x123456789(%rax),%r10
cmpq $0x100,0x123456789(%rax)
movq $sym2,0x123456789(%rax)
addq $-1,0x123456789(%rax)
movb $1,0x80000000(%rax)
movw $0x1234,0x80000000(%rax)
movl $0x12345678,0x80000000(%rax)
addl $4,0x80000000(%rax)
cmpb $0,0x80000000(%rax)
incl 0x80000000(%rax)
pushq 0x80000000(%rax)
call *0x80000000(%rax)
movl $sym2,0x80000000(%rax)
testl $1,0x80000000(%rax)
shll $3,0x80000000(%rax)
imull $100,0x80000000(%rax),%eax
fldl 0x80000000(%rax)
movb %al,0x80000000(%rax)
movw 0x80000000(%rax),%bx
movq %rax,0x80000000(%rax)
movq 0x80000000(%rax),%r9
movq $1,0x80000000(%rax)
leaq 0x80000000(%rax),%r10
cmpq $0x100,0x80000000(%rax)
movq $sym2,0x80000000(%rax)
addq $-1,0x80000000(%rax)
movb $1,-0x80000001(%rax)
movw $0x1234,-0x80000001(%rax)
movl $0x12345678,-0x80000001(%rax)
addl $4,-0x80000001(%rax)
cmpb $0,-0x80000001(%rax)
incl -0x80000001(%rax)
pushq -0x80000001(%rax)
call *-0x80000001(%rax)
movl $sym2,-0x80000001(%rax)
testl $1,-0x80000001(%rax)
shll $3,-0x80000001(%rax)
imull $100,-0x80000001(%rax),%eax
fldl -0x80000001(%rax)
movb %al,-0x80000001(%rax)
movw -0x80000001(%rax),%bx
movq %rax,-0x80000001(%rax)
movq -0x80000001(%rax),%r9
movq $1,-0x80000001(%rax)
leaq -0x80000001(%rax),%r10
cmpq $0x100,-0x80000001(%rax)
movq $sym2,-0x80000001(%rax)
addq $-1,-0x80000001(%rax)
movb $1,0xffffffff(%rax)
movw $0x1234,0xffffffff(%rax)
movl $0x12345678,0xffffffff(%rax)
addl $4,0xffffffff(%rax)
cmpb $0,0xffffffff(%rax)
incl 0xffffffff(%rax)
pushq 0xffffffff(%rax)
call *0xffffffff(%rax)
movl $sym2,0xffffffff(%rax)
testl $1,0xffffffff(%rax)
shll $3,0xffffffff(%rax)
imull $100,0xffffffff(%rax),%eax
fldl 0xffffffff(%rax)
movb %al,0xffffffff(%rax)
movw 0xffffffff(%rax),%bx
movq %rax,0xffffffff(%rax)
movq 0xffffffff(%rax),%r9
movq $1,0xffffffff(%rax)
leaq 0xffffffff(%rax),%r10
cmpq $0x100,0xffffffff(%rax)
movq $sym2,0xffffffff(%rax)
addq $-1,0xffffffff(%rax)
movb $1,(%r16)
movw $0x1234,(%r16)
movl $0x12345678,(%r16)
addl $4,(%r16)
cmpb $0,(%r16)
incl (%r16)
pushq (%r16)
call *(%r16)
movl $sym2,(%r16)
testl $1,(%r16)
shll $3,(%r16)
imull $100,(%r16),%eax
fldl (%r16)
movb %al,(%r16)
movw (%r16),%bx
movq %rax,(%r16)
movq (%r16),%r9
movq $1,(%r16)
leaq (%r16),%r10
cmpq $0x100,(%r16)
movq $sym2,(%r16)
addq $-1,(%r16)
movl %ax,%ebx
movl %eax,%bx
movw %eax,%ebx
movb %ax,%bl
movb %al,%bx
mov %al,%ebx
mov %eax,%bl
addl %ax,%ebx
addw %al,%bx
addb $256,%al
int $3
into
shll %cx,%eax
pushl %eax
popl %eax
pushl $1
push %eax
pop %ebx
pushl (%rax)
popl sym
salc
pushfq
popfq
pushfl
popfl
iretl
leaveq
leavel
retl
lretl
callq *%rax
call *%eax
jmp *%eax
jmpq *%rax
jmpl *(%rax)
calll *(%rax)
ljmpq *(%rax)
lcallq *(%rax)
pushq $0
testq $0,%rax
movq $0,%mm0
imul $0,%rax
addb $0,%al
pushq $1
testq $1,%rax
movq $1,%mm0
imul $1,%rax
addb $1,%al
pushq $-1
testq $-1,%rax
movq $-1,%mm0
imul $-1,%rax
addb $-1,%al
pushq $0x7f
testq $0x7f,%rax
movq $0x7f,%mm0
imul $0x7f,%rax
addb $0x7f,%al
addq $0x80,%rax
pushq $0x80
testq $0x80,%rax
addl $0x80,%eax
movq $0x80,%mm0
xorq $0x80,%rax
imul $0x80,%rax
addw $0x80,%ax
addb $0x80,%al
pushq $-0x80
testq $-0x80,%rax
movq $-0x80,%mm0
imul $-0x80,%rax
addb $-0x80,%al
addq $-0x81,%rax
pushq $-0x81
testq $-0x81,%rax
addl $-0x81,%eax
movq $-0x81,%mm0
xorq $-0x81,%rax
imul $-0x81,%rax
addw $-0x81,%ax
addb $-0x81,%al
addq $0x7fffffff,%rax
pushq $0x7fffffff
testq $0x7fffffff,%rax
addl $0x7fffffff,%eax
movq $0x7fffffff,%mm0
xorq $0x7fffffff,%rax
imul $0x7fffffff,%rax
addw $0x7fffffff,%ax
addb $0x7fffffff,%al
addl $0x80000000,%eax
movq $0x80000000,%mm0
addw $0x80000000,%ax
addb $0x80000000,%al
addl $0xffffffff,%eax
addl $0xffffffff,%ebx
movq $0xffffffff,%mm0
andl $0xffffffff,(%rax)
pushw $0xffffffff
addw $0xffffffff,%ax
addb $0xffffffff,%al
addw $0xffffffff,%bx
addq $-0x80000000,%rax
pushq $-0x80000000
testq $-0x80000000,%rax
addl $-0x80000000,%eax
movq $-0x80000000,%mm0
xorq $-0x80000000,%rax
imul $-0x80000000,%rax
addw $-0x80000000,%ax
addb $-0x80000000,%al
addl $-0x80000001,%eax
movq $-0x80000001,%mm0
addw $-0x80000001,%ax
addb $-0x80000001,%al
addl $0x100000000,%eax
movq $0x100000000,%mm0
addw $0x100000000,%ax
addb $0x100000000,%al
addl $0x7fffffffffffffff,%eax
movq $0x7fffffffffffffff,%mm0
addw $0x7fffffffffffffff,%ax
addb $0x7fffffffffffffff,%al
pushq $0xffffffffffffffff
testq $0xffffffffffffffff,%rax
movq $0xffffffffffffffff,%mm0
imul $0xffffffffffffffff,%rax
addb $0xffffffffffffffff,%al
addl $-0x8000000000000000,%eax
movq $-0x8000000000000000,%mm0
addw $-0x8000000000000000,%ax
addb $-0x8000000000000000,%al
addq $0xffffffff80000000,%rax
pushq $0xffffffff80000000
testq $0xffffffff80000000,%rax
addl $0xffffffff80000000,%eax
movq $0xffffffff80000000,%mm0
xorq $0xffffffff80000000,%rax
imul $0xffffffff80000000,%rax
addw $0xffffffff80000000,%ax
addb $0xffffffff80000000,%al
addl $0xffffffff7fffffff,%eax
movq $0xffffffff7fffffff,%mm0
addw $0xffffffff7fffffff,%ax
addb $0xffffffff7fffffff,%al
addl $0x123456789abcdef0,%eax
movq $0x123456789abcdef0,%mm0
addw $0x123456789abcdef0,%ax
addb $0x123456789abcdef0,%al
pushq $sym
jmp sym
call sym-4
je sym
call *sym@GOTPCREL(%rip)
jmp *sym@GOTPCREL(%rip)
leaq sym@TLSDESC(%rip),%rax
call *sym@TLSCALL(%rax)
movq sym@GOTPCREL(%rip),%rax
movq sym@GOTPCREL(%rip),%r15
movl sym@GOTPCREL(%rip),%eax
addq sym@GOTPCREL(%rip),%rax
cmpq sym@GOTPCREL(%rip),%rax
testq %rax,sym@GOTPCREL(%rip)
pushq sym@GOTPCREL(%rip)
movabs $sym@GOT,%rax
movabs $_GLOBAL_OFFSET_TABLE_,%rax
leaq _GLOBAL_OFFSET_TABLE_(%rip),%rax
movabs $sym@PLTOFF,%rax
shldl $3,%eax,sym(%rip)
.L1: | movq .L1(%rip),%rax
.data | lv: .long 0 | .text | movl lv(%rip),%eax
.data | .long 0 | lv: .long 0 | .text | movl $5,lv(%rip)
.data | .long 0 | lv: .long 0 | .text | movq $lv,%rax
.data | .long 0 | lv: .long 0 | .text | movabs $lv,%rax
.data | .long 0 | lv: .long 0 | .text | call lv
.section .rodata | .long 0 | lv: .long 0 | .text | leaq lv+4(%rip),%rax
lf: nop | call lf
.globl gf | gf: nop | jmp gf
.globl gf | gf: nop | je gf
mov sym,%es
mov %es,sym
movl %es,(%rax)
movl (%rax),%es
movb %al,%es
mov %es,%al
mov sym,%cs
mov %cs,sym
movl %cs,(%rax)
movl (%rax),%cs
movb %al,%cs
mov %cs,%al
mov sym,%ss
mov %ss,sym
movl %ss,(%rax)
movl (%rax),%ss
movb %al,%ss
mov %ss,%al
mov sym,%ds
mov %ds,sym
movl %ds,(%rax)
movl (%rax),%ds
movb %al,%ds
mov %ds,%al
mov sym,%fs
mov %fs,sym
movl %fs,(%rax)
movl (%rax),%fs
movb %al,%fs
mov %fs,%al
mov sym,%gs
mov %gs,sym
movl %gs,(%rax)
movl (%rax),%gs
movb %al,%gs
mov %gs,%al
mov %cr0,%eax
mov %cr2,%eax
mov %cr3,%eax
mov %cr4,%eax
mov %cr8,%eax
mov %cr1,%eax
mov %cr5,%eax
mov %dr0,%eax
mov %dr1,%eax
mov %dr2,%eax
mov %dr3,%eax
mov %dr6,%eax
mov %dr7,%eax
mov %db0,%eax
mov %db7,%eax
mov %dr4,%eax
mov %cr9,%eax
movsb %al,%ebx
movsw %ax,%ebx
movsbl %ax,%ebx
movswl %al,%ebx
movsbl %al,%bx
movsbw %al,%ebx
movswl %ax,%bx
movsbl %eax,%ebx
movsxb %al,%bl
movsxd %ax,%bx
movsbq %rax,%rbx
movslq %rax,%rbx
movslq %eax,%ebx
movzb %al,%ebx
movzw %ax,%ebx
movzbl %ax,%ebx
movzwl %al,%ebx
movzbl %al,%bx
movzbw %al,%ebx
movzwl %ax,%bx
movzxb %al,%bl
movzbq %rax,%rbx
addb $127,%al
addb $128,%al
addb $-128,%al
addb $-129,%al
addb $255,%al
addb $0x7fff,%al
addb $0x8000,%al
addb $0xff80,%al
addb $0xffff,%al
addb $0x10000,%al
addb $0xffffff80,%al
addb $sym,%al
addb $sym,sym
addw $128,%ax
addw $-129,%ax
addw $255,%ax
addw $256,%ax
addw $0x7fff,%ax
addw $0x8000,%ax
addw $0xff80,%ax
addw $0xffff,%ax
addw $0x10000,%ax
addw $0xffffff80,%ax
addw $sym,%ax
addw $0xff80,%bx
addw $0xffff,%bx
addw $0xffffff80,%bx
addw $0xff80,%si
addw $0xffff,%si
addw $0xffffff80,%si
addw $0xffffffff,%si
addw $0xff80,%r9w
addw $0xffff,%r9w
addw $0xffffff80,%r9w
addw $0xffffffff,%r9w
addw $0xff80,(%rbx)
addw $0xff80,sym
addw $0xff80,-4(%rbp,%rcx,4)
addw $0xffff,(%rbx)
addw $0xffff,sym
addw $0xffff,-4(%rbp,%rcx,4)
addw $0xffffff80,(%rbx)
addw $0xffffff80,sym
addw $0xffffff80,-4(%rbp,%rcx,4)
addw $0xffffffff,(%rbx)
addw $0xffffffff,sym
addw $0xffffffff,-4(%rbp,%rcx,4)
addw $sym,sym
addl $128,%eax
addl $-129,%eax
addl $255,%eax
addl $256,%eax
addl $0x7fff,%eax
addl $0x8000,%eax
addl $0xff80,%eax
addl $0xffff,%eax
addl $0x10000,%eax
addl $0xffffff80,%eax
addl $sym,%eax
addl $0xffffff80,%ebx
addl $0xffffff80,%esp
addl $0xffffffff,%esp
addl $0xffffff80,%ebp
addl $0xffffffff,%ebp
addl $0xffffff80,%r9d
addl $0xffffffff,%r9d
addl $0xffffff80,(%rbx)
addl $0xffffff80,sym
addl $0xffffff80,-4(%rbp,%rcx,4)
addl $0xffffffff,(%rbx)
addl $0xffffffff,sym
addl $0xffffffff,-4(%rbp,%rcx,4)
addl $sym,sym
addq $128,%rax
addq $-129,%rax
addq $255,%rax
addq $256,%rax
addq $0x7fff,%rax
addq $0x8000,%rax
addq $0xff80,%rax
addq $0xffff,%rax
addq $0x10000,%rax
addq $sym,%rax
addq $sym,sym
orb $0,%al
orb $1,%al
orb $-1,%al
orb $127,%al
orb $128,%al
orb $-128,%al
orb $-129,%al
orb $255,%al
orb $256,%al
orb $0x7fff,%al
orb $0x8000,%al
orb $0xff80,%al
orb $0xffff,%al
orb $0x10000,%al
orb $0x7fffffff,%al
orb $0x80000000,%al
orb $0xffffff80,%al
orb $0xffffffff,%al
orb $sym,%al
orb $sym,sym
orw $128,%ax
orw $-129,%ax
orw $255,%ax
orw $256,%ax
orw $0x7fff,%ax
orw $0x8000,%ax
orw $0xff80,%ax
orw $0xffff,%ax
orw $0x10000,%ax
orw $0x7fffffff,%ax
orw $0x80000000,%ax
orw $0xffffff80,%ax
orw $0xffffffff,%ax
orw $sym,%ax
orw $0xff80,%bx
orw $0xffff,%bx
orw $0xffffff80,%bx
orw $0xffffffff,%bx
orw $0xff80,%si
orw $0xffff,%si
orw $0xffffff80,%si
orw $0xffffffff,%si
orw $0xff80,%r9w
orw $0xffff,%r9w
orw $0xffffff80,%r9w
orw $0xffffffff,%r9w
orw $0xff80,(%rbx)
orw $0xff80,sym
orw $0xff80,-4(%rbp,%rcx,4)
orw $0xffff,(%rbx)
orw $0xffff,sym
orw $0xffff,-4(%rbp,%rcx,4)
orw $0xffffff80,(%rbx)
orw $0xffffff80,sym
orw $0xffffff80,-4(%rbp,%rcx,4)
orw $0xffffffff,(%rbx)
orw $0xffffffff,sym
orw $0xffffffff,-4(%rbp,%rcx,4)
orw $sym,sym
orl $128,%eax
orl $-129,%eax
orl $255,%eax
orl $256,%eax
orl $0x7fff,%eax
orl $0x8000,%eax
orl $0xff80,%eax
orl $0xffff,%eax
orl $0x10000,%eax
orl $0x7fffffff,%eax
orl $0x80000000,%eax
orl $0xffffff80,%eax
orl $0xffffffff,%eax
orl $sym,%eax
orl $0xffffff80,%ebx
orl $0xffffffff,%ebx
orl $0xffffff80,%esp
orl $0xffffffff,%esp
orl $0xffffff80,%ebp
orl $0xffffffff,%ebp
orl $0xffffff80,%r9d
orl $0xffffffff,%r9d
orl $0xffffff80,(%rbx)
orl $0xffffff80,sym
orl $0xffffff80,-4(%rbp,%rcx,4)
orl $0xffffffff,(%rbx)
orl $0xffffffff,sym
orl $0xffffffff,-4(%rbp,%rcx,4)
orl $sym,sym
orq $128,%rax
orq $-129,%rax
orq $255,%rax
orq $256,%rax
orq $0x7fff,%rax
orq $0x8000,%rax
orq $0xff80,%rax
orq $0xffff,%rax
orq $0x10000,%rax
orq $0x7fffffff,%rax
orq $sym,%rax
orq $sym,sym
adcb $0,%al
adcb $1,%al
adcb $-1,%al
adcb $127,%al
adcb $128,%al
adcb $-128,%al
adcb $-129,%al
adcb $255,%al
adcb $256,%al
adcb $0x7fff,%al
adcb $0x8000,%al
adcb $0xff80,%al
adcb $0xffff,%al
adcb $0x10000,%al
adcb $0x7fffffff,%al
adcb $0x80000000,%al
adcb $0xffffff80,%al
adcb $0xffffffff,%al
adcb $sym,%al
adcb $sym,sym
adcw $128,%ax
adcw $-129,%ax
adcw $255,%ax
adcw $256,%ax
adcw $0x7fff,%ax
adcw $0x8000,%ax
adcw $0xff80,%ax
adcw $0xffff,%ax
adcw $0x10000,%ax
adcw $0x7fffffff,%ax
adcw $0x80000000,%ax
adcw $0xffffff80,%ax
adcw $0xffffffff,%ax
adcw $sym,%ax
adcw $0xff80,%bx
adcw $0xffff,%bx
adcw $0xffffff80,%bx
adcw $0xffffffff,%bx
adcw $0xff80,%si
adcw $0xffff,%si
adcw $0xffffff80,%si
adcw $0xffffffff,%si
adcw $0xff80,%r9w
adcw $0xffff,%r9w
adcw $0xffffff80,%r9w
adcw $0xffffffff,%r9w
adcw $0xff80,(%rbx)
adcw $0xff80,sym
adcw $0xff80,-4(%rbp,%rcx,4)
adcw $0xffff,(%rbx)
adcw $0xffff,sym
adcw $0xffff,-4(%rbp,%rcx,4)
adcw $0xffffff80,(%rbx)
adcw $0xffffff80,sym
adcw $0xffffff80,-4(%rbp,%rcx,4)
adcw $0xffffffff,(%rbx)
adcw $0xffffffff,sym
adcw $0xffffffff,-4(%rbp,%rcx,4)
adcw $sym,sym
adcl $128,%eax
adcl $-129,%eax
adcl $255,%eax
adcl $256,%eax
adcl $0x7fff,%eax
adcl $0x8000,%eax
adcl $0xff80,%eax
adcl $0xffff,%eax
adcl $0x10000,%eax
adcl $0x7fffffff,%eax
adcl $0x80000000,%eax
adcl $0xffffff80,%eax
adcl $0xffffffff,%eax
adcl $sym,%eax
adcl $0xffffff80,%ebx
adcl $0xffffffff,%ebx
adcl $0xffffff80,%esp
adcl $0xffffffff,%esp
adcl $0xffffff80,%ebp
adcl $0xffffffff,%ebp
adcl $0xffffff80,%r9d
adcl $0xffffffff,%r9d
adcl $0xffffff80,(%rbx)
adcl $0xffffff80,sym
adcl $0xffffff80,-4(%rbp,%rcx,4)
adcl $0xffffffff,(%rbx)
adcl $0xffffffff,sym
adcl $0xffffffff,-4(%rbp,%rcx,4)
adcl $sym,sym
adcq $128,%rax
adcq $-129,%rax
adcq $255,%rax
adcq $256,%rax
adcq $0x7fff,%rax
adcq $0x8000,%rax
adcq $0xff80,%rax
adcq $0xffff,%rax
adcq $0x10000,%rax
adcq $0x7fffffff,%rax
adcq $sym,%rax
adcq $sym,sym
sbbb $0,%al
sbbb $1,%al
sbbb $-1,%al
sbbb $127,%al
sbbb $128,%al
sbbb $-128,%al
sbbb $-129,%al
sbbb $255,%al
sbbb $256,%al
sbbb $0x7fff,%al
sbbb $0x8000,%al
sbbb $0xff80,%al
sbbb $0xffff,%al
sbbb $0x10000,%al
sbbb $0x7fffffff,%al
sbbb $0x80000000,%al
sbbb $0xffffff80,%al
sbbb $0xffffffff,%al
sbbb $sym,%al
sbbb $sym,sym
sbbw $128,%ax
sbbw $-129,%ax
sbbw $255,%ax
sbbw $256,%ax
sbbw $0x7fff,%ax
sbbw $0x8000,%ax
sbbw $0xff80,%ax
sbbw $0xffff,%ax
sbbw $0x10000,%ax
sbbw $0x7fffffff,%ax
sbbw $0x80000000,%ax
sbbw $0xffffff80,%ax
sbbw $0xffffffff,%ax
sbbw $sym,%ax
sbbw $0xff80,%bx
sbbw $0xffff,%bx
sbbw $0xffffff80,%bx
sbbw $0xffffffff,%bx
sbbw $0xff80,%si
sbbw $0xffff,%si
sbbw $0xffffff80,%si
sbbw $0xffffffff,%si
sbbw $0xff80,%r9w
sbbw $0xffff,%r9w
sbbw $0xffffff80,%r9w
sbbw $0xffffffff,%r9w
sbbw $0xff80,(%rbx)
sbbw $0xff80,sym
sbbw $0xff80,-4(%rbp,%rcx,4)
sbbw $0xffff,(%rbx)
sbbw $0xffff,sym
sbbw $0xffff,-4(%rbp,%rcx,4)
sbbw $0xffffff80,(%rbx)
sbbw $0xffffff80,sym
sbbw $0xffffff80,-4(%rbp,%rcx,4)
sbbw $0xffffffff,(%rbx)
sbbw $0xffffffff,sym
sbbw $0xffffffff,-4(%rbp,%rcx,4)
sbbw $sym,sym
sbbl $128,%eax
sbbl $-129,%eax
sbbl $255,%eax
sbbl $256,%eax
sbbl $0x7fff,%eax
sbbl $0x8000,%eax
sbbl $0xff80,%eax
sbbl $0xffff,%eax
sbbl $0x10000,%eax
sbbl $0x7fffffff,%eax
sbbl $0x80000000,%eax
sbbl $0xffffff80,%eax
sbbl $0xffffffff,%eax
sbbl $sym,%eax
sbbl $0xffffff80,%ebx
sbbl $0xffffffff,%ebx
sbbl $0xffffff80,%esp
sbbl $0xffffffff,%esp
sbbl $0xffffff80,%ebp
sbbl $0xffffffff,%ebp
sbbl $0xffffff80,%r9d
sbbl $0xffffffff,%r9d
sbbl $0xffffff80,(%rbx)
sbbl $0xffffff80,sym
sbbl $0xffffff80,-4(%rbp,%rcx,4)
sbbl $0xffffffff,(%rbx)
sbbl $0xffffffff,sym
sbbl $0xffffffff,-4(%rbp,%rcx,4)
sbbl $sym,sym
sbbq $128,%rax
sbbq $-129,%rax
sbbq $255,%rax
sbbq $256,%rax
sbbq $0x7fff,%rax
sbbq $0x8000,%rax
sbbq $0xff80,%rax
sbbq $0xffff,%rax
sbbq $0x10000,%rax
sbbq $0x7fffffff,%rax
sbbq $sym,%rax
sbbq $sym,sym
andb $0,%al
andb $1,%al
andb $-1,%al
andb $127,%al
andb $128,%al
andb $-128,%al
andb $-129,%al
andb $255,%al
andb $256,%al
andb $0x7fff,%al
andb $0x8000,%al
andb $0xff80,%al
andb $0xffff,%al
andb $0x10000,%al
andb $0x7fffffff,%al
andb $0x80000000,%al
andb $0xffffff80,%al
andb $0xffffffff,%al
andb $sym,%al
andb $sym,sym
andw $128,%ax
andw $-129,%ax
andw $255,%ax
andw $256,%ax
andw $0x7fff,%ax
andw $0x8000,%ax
andw $0xff80,%ax
andw $0xffff,%ax
andw $0x10000,%ax
andw $0x7fffffff,%ax
andw $0x80000000,%ax
andw $0xffffff80,%ax
andw $0xffffffff,%ax
andw $sym,%ax
andw $0xff80,%bx
andw $0xffff,%bx
andw $0xffffff80,%bx
andw $0xffffffff,%bx
andw $0xff80,%si
andw $0xffff,%si
andw $0xffffff80,%si
andw $0xffffffff,%si
andw $0xff80,%r9w
andw $0xffff,%r9w
andw $0xffffff80,%r9w
andw $0xffffffff,%r9w
andw $0xff80,(%rbx)
andw $0xff80,sym
andw $0xff80,-4(%rbp,%rcx,4)
andw $0xffff,(%rbx)
andw $0xffff,sym
andw $0xffff,-4(%rbp,%rcx,4)
andw $0xffffff80,(%rbx)
andw $0xffffff80,sym
andw $0xffffff80,-4(%rbp,%rcx,4)
andw $0xffffffff,(%rbx)
andw $0xffffffff,sym
andw $0xffffffff,-4(%rbp,%rcx,4)
andw $sym,sym
andl $128,%eax
andl $-129,%eax
andl $255,%eax
andl $256,%eax
andl $0x7fff,%eax
andl $0x8000,%eax
andl $0xff80,%eax
andl $0xffff,%eax
andl $0x10000,%eax
andl $0x7fffffff,%eax
andl $0x80000000,%eax
andl $0xffffff80,%eax
andl $0xffffffff,%eax
andl $sym,%eax
andl $0xffffff80,%ebx
andl $0xffffffff,%ebx
andl $0xffffff80,%esp
andl $0xffffffff,%esp
andl $0xffffff80,%ebp
andl $0xffffffff,%ebp
andl $0xffffff80,%r9d
andl $0xffffffff,%r9d
andl $0xffffff80,(%rbx)
andl $0xffffff80,sym
andl $0xffffff80,-4(%rbp,%rcx,4)
andl $0xffffffff,(%rbx)
andl $0xffffffff,sym
andl $0xffffffff,-4(%rbp,%rcx,4)
andl $sym,sym
andq $128,%rax
andq $-129,%rax
andq $255,%rax
andq $256,%rax
andq $0x7fff,%rax
andq $0x8000,%rax
andq $0xff80,%rax
andq $0xffff,%rax
andq $0x10000,%rax
andq $0x7fffffff,%rax
andq $sym,%rax
andq $sym,sym
subb $0,%al
subb $1,%al
subb $-1,%al
subb $127,%al
subb $128,%al
subb $-128,%al
subb $-129,%al
subb $255,%al
subb $256,%al
subb $0x7fff,%al
subb $0x8000,%al
subb $0xff80,%al
subb $0xffff,%al
subb $0x10000,%al
subb $0x7fffffff,%al
subb $0x80000000,%al
subb $0xffffff80,%al
subb $0xffffffff,%al
subb $sym,%al
subb $sym,sym
subw $128,%ax
subw $-129,%ax
subw $255,%ax
subw $256,%ax
subw $0x7fff,%ax
subw $0x8000,%ax
subw $0xff80,%ax
subw $0xffff,%ax
subw $0x10000,%ax
subw $0x7fffffff,%ax
subw $0x80000000,%ax
subw $0xffffff80,%ax
subw $0xffffffff,%ax
subw $sym,%ax
subw $0xff80,%bx
subw $0xffff,%bx
subw $0xffffff80,%bx
subw $0xffffffff,%bx
subw $0xff80,%si
subw $0xffff,%si
subw $0xffffff80,%si
subw $0xffffffff,%si
subw $0xff80,%r9w
subw $0xffff,%r9w
subw $0xffffff80,%r9w
subw $0xffffffff,%r9w
subw $0xff80,(%rbx)
subw $0xff80,sym
subw $0xff80,-4(%rbp,%rcx,4)
subw $0xffff,(%rbx)
subw $0xffff,sym
subw $0xffff,-4(%rbp,%rcx,4)
subw $0xffffff80,(%rbx)
subw $0xffffff80,sym
subw $0xffffff80,-4(%rbp,%rcx,4)
subw $0xffffffff,(%rbx)
subw $0xffffffff,sym
subw $0xffffffff,-4(%rbp,%rcx,4)
subw $sym,sym
subl $128,%eax
subl $-129,%eax
subl $255,%eax
subl $256,%eax
subl $0x7fff,%eax
subl $0x8000,%eax
subl $0xff80,%eax
subl $0xffff,%eax
subl $0x10000,%eax
subl $0x7fffffff,%eax
subl $0x80000000,%eax
subl $0xffffff80,%eax
subl $0xffffffff,%eax
subl $sym,%eax
subl $0xffffff80,%ebx
subl $0xffffffff,%ebx
subl $0xffffff80,%esp
subl $0xffffffff,%esp
subl $0xffffff80,%ebp
subl $0xffffffff,%ebp
subl $0xffffff80,%r9d
subl $0xffffffff,%r9d
subl $0xffffff80,(%rbx)
subl $0xffffff80,sym
subl $0xffffff80,-4(%rbp,%rcx,4)
subl $0xffffffff,(%rbx)
subl $0xffffffff,sym
subl $0xffffffff,-4(%rbp,%rcx,4)
subl $sym,sym
subq $128,%rax
subq $-129,%rax
subq $255,%rax
subq $256,%rax
subq $0x7fff,%rax
subq $0x8000,%rax
subq $0xff80,%rax
subq $0xffff,%rax
subq $0x10000,%rax
subq $0x7fffffff,%rax
subq $sym,%rax
subq $sym,sym
xorb $0,%al
xorb $1,%al
xorb $-1,%al
xorb $127,%al
xorb $128,%al
xorb $-128,%al
xorb $-129,%al
xorb $255,%al
xorb $256,%al
xorb $0x7fff,%al
xorb $0x8000,%al
xorb $0xff80,%al
xorb $0xffff,%al
xorb $0x10000,%al
xorb $0x7fffffff,%al
xorb $0x80000000,%al
xorb $0xffffff80,%al
xorb $0xffffffff,%al
xorb $sym,%al
xorb $sym,sym
xorw $128,%ax
xorw $-129,%ax
xorw $255,%ax
xorw $256,%ax
xorw $0x7fff,%ax
xorw $0x8000,%ax
xorw $0xff80,%ax
xorw $0xffff,%ax
xorw $0x10000,%ax
xorw $0x7fffffff,%ax
xorw $0x80000000,%ax
xorw $0xffffff80,%ax
xorw $0xffffffff,%ax
xorw $sym,%ax
xorw $0xff80,%bx
xorw $0xffff,%bx
xorw $0xffffff80,%bx
xorw $0xffffffff,%bx
xorw $0xff80,%si
xorw $0xffff,%si
xorw $0xffffff80,%si
xorw $0xffffffff,%si
xorw $0xff80,%r9w
xorw $0xffff,%r9w
xorw $0xffffff80,%r9w
xorw $0xffffffff,%r9w
xorw $0xff80,(%rbx)
xorw $0xff80,sym
xorw $0xff80,-4(%rbp,%rcx,4)
xorw $0xffff,(%rbx)
xorw $0xffff,sym
xorw $0xffff,-4(%rbp,%rcx,4)
xorw $0xffffff80,(%rbx)
xorw $0xffffff80,sym
xorw $0xffffff80,-4(%rbp,%rcx,4)
xorw $0xffffffff,(%rbx)
xorw $0xffffffff,sym
xorw $0xffffffff,-4(%rbp,%rcx,4)
xorw $sym,sym
xorl $128,%eax
xorl $-129,%eax
xorl $255,%eax
xorl $256,%eax
xorl $0x7fff,%eax
xorl $0x8000,%eax
xorl $0xff80,%eax
xorl $0xffff,%eax
xorl $0x10000,%eax
xorl $0x7fffffff,%eax
xorl $0x80000000,%eax
xorl $0xffffff80,%eax
xorl $0xffffffff,%eax
xorl $sym,%eax
xorl $0xffffff80,%ebx
xorl $0xffffffff,%ebx
xorl $0xffffff80,%esp
xorl $0xffffffff,%esp
xorl $0xffffff80,%ebp
xorl $0xffffffff,%ebp
xorl $0xffffff80,%r9d
xorl $0xffffffff,%r9d
xorl $0xffffff80,(%rbx)
xorl $0xffffff80,sym
xorl $0xffffff80,-4(%rbp,%rcx,4)
xorl $0xffffffff,(%rbx)
xorl $0xffffffff,sym
xorl $0xffffffff,-4(%rbp,%rcx,4)
xorl $sym,sym
xorq $128,%rax
xorq $-129,%rax
xorq $255,%rax
xorq $256,%rax
xorq $0x7fff,%rax
xorq $0x8000,%rax
xorq $0xff80,%rax
xorq $0xffff,%rax
xorq $0x10000,%rax
xorq $sym,%rax
xorq $sym,sym
cmpb $0,%al
cmpb $1,%al
cmpb $-1,%al
cmpb $127,%al
cmpb $128,%al
cmpb $-128,%al
cmpb $-129,%al
cmpb $255,%al
cmpb $256,%al
cmpb $0x7fff,%al
cmpb $0x8000,%al
cmpb $0xff80,%al
cmpb $0xffff,%al
cmpb $0x10000,%al
cmpb $0x7fffffff,%al
cmpb $0x80000000,%al
cmpb $0xffffff80,%al
cmpb $0xffffffff,%al
cmpb $sym,%al
cmpb $sym,sym
cmpw $128,%ax
cmpw $-129,%ax
cmpw $255,%ax
cmpw $256,%ax
cmpw $0x7fff,%ax
cmpw $0x8000,%ax
cmpw $0xff80,%ax
cmpw $0xffff,%ax
cmpw $0x10000,%ax
cmpw $0x7fffffff,%ax
cmpw $0x80000000,%ax
cmpw $0xffffff80,%ax
cmpw $0xffffffff,%ax
cmpw $sym,%ax
cmpw $0xff80,%bx
cmpw $0xffff,%bx
cmpw $0xffffff80,%bx
cmpw $0xffffffff,%bx
cmpw $0xff80,%si
cmpw $0xffff,%si
cmpw $0xffffff80,%si
cmpw $0xffffffff,%si
cmpw $0xff80,%r9w
cmpw $0xffff,%r9w
cmpw $0xffffff80,%r9w
cmpw $0xffffffff,%r9w
cmpw $0xff80,(%rbx)
cmpw $0xff80,sym
cmpw $0xff80,-4(%rbp,%rcx,4)
cmpw $0xffff,(%rbx)
cmpw $0xffff,sym
cmpw $0xffff,-4(%rbp,%rcx,4)
cmpw $0xffffff80,(%rbx)
cmpw $0xffffff80,sym
cmpw $0xffffff80,-4(%rbp,%rcx,4)
cmpw $0xffffffff,(%rbx)
cmpw $0xffffffff,sym
cmpw $0xffffffff,-4(%rbp,%rcx,4)
cmpw $sym,sym
cmpl $128,%eax
cmpl $-129,%eax
cmpl $255,%eax
cmpl $256,%eax
cmpl $0x7fff,%eax
cmpl $0x8000,%eax
cmpl $0xff80,%eax
cmpl $0xffff,%eax
cmpl $0x10000,%eax
cmpl $0x7fffffff,%eax
cmpl $0x80000000,%eax
cmpl $0xffffff80,%eax
cmpl $0xffffffff,%eax
cmpl $sym,%eax
cmpl $0xffffff80,%ebx
cmpl $0xffffffff,%ebx
cmpl $0xffffff80,%esp
cmpl $0xffffffff,%esp
cmpl $0xffffff80,%ebp
cmpl $0xffffffff,%ebp
cmpl $0xffffff80,%r9d
cmpl $0xffffffff,%r9d
cmpl $0xffffff80,(%rbx)
cmpl $0xffffff80,sym
cmpl $0xffffff80,-4(%rbp,%rcx,4)
cmpl $0xffffffff,(%rbx)
cmpl $0xffffffff,sym
cmpl $0xffffffff,-4(%rbp,%rcx,4)
cmpl $sym,sym
cmpq $128,%rax
cmpq $-129,%rax
cmpq $255,%rax
cmpq $256,%rax
cmpq $0x7fff,%rax
cmpq $0x8000,%rax
cmpq $0xff80,%rax
cmpq $0xffff,%rax
cmpq $0x10000,%rax
cmpq $0x7fffffff,%rax
cmpq $sym,%rax
cmpq $sym,sym
testb (%rbx),%al
testb sym,%al
testb $0,%al
testb $1,%al
testb $-1,%al
testb $127,%al
testb $128,%al
testb $-128,%al
testb $-129,%al
testb $255,%al
testb $256,%al
testb $0x7fff,%al
testb $0x8000,%al
testb $0xff80,%al
testb $0xffff,%al
testb $0x10000,%al
testb $0x7fffffff,%al
testb $0x80000000,%al
testb $0xffffff80,%al
testb $0xffffffff,%al
testb $sym,%al
testb (%rbx),%cl
testb sym,%cl
testb (%rbx),%bh
testb sym,%bh
testb (%rbx),%sil
testb sym,%sil
testb (%rbx),%r9b
testb sym,%r9b
testb $sym,sym
testw (%rbx),%ax
testw sym,%ax
testw $0,%ax
testw $1,%ax
testw $-1,%ax
testw $127,%ax
testw $128,%ax
testw $-128,%ax
testw $-129,%ax
testw $255,%ax
testw $256,%ax
testw $0x7fff,%ax
testw $0x8000,%ax
testw $0xff80,%ax
testw $0xffff,%ax
testw $0x10000,%ax
testw $0x7fffffff,%ax
testw $0x80000000,%ax
testw $0xffffff80,%ax
testw $0xffffffff,%ax
testw $sym,%ax
testw (%rbx),%bx
testw sym,%bx
testw (%rbx),%si
testw sym,%si
testw (%rbx),%r9w
testw sym,%r9w
testw $sym,sym
testl (%rbx),%eax
testl sym,%eax
testl $0,%eax
testl $1,%eax
testl $-1,%eax
testl $127,%eax
testl $128,%eax
testl $-128,%eax
testl $-129,%eax
testl $255,%eax
testl $256,%eax
testl $0x7fff,%eax
testl $0x8000,%eax
testl $0xff80,%eax
testl $0xffff,%eax
testl $0x10000,%eax
testl $0x7fffffff,%eax
testl $0x80000000,%eax
testl $0xffffff80,%eax
testl $0xffffffff,%eax
testl $sym,%eax
testl (%rbx),%ebx
testl sym,%ebx
testl (%rbx),%esp
testl sym,%esp
testl (%rbx),%ebp
testl sym,%ebp
testl (%rbx),%r9d
testl sym,%r9d
testl $sym,sym
testq (%rbx),%rax
testq sym,%rax
testq $127,%rax
testq $128,%rax
testq $-128,%rax
testq $-129,%rax
testq $255,%rax
testq $256,%rax
testq $0x7fff,%rax
testq $0x8000,%rax
testq $0xff80,%rax
testq $0xffff,%rax
testq $0x10000,%rax
testq $sym,%rax
testq (%rbx),%rbx
testq sym,%rbx
testq (%rbx),%rsp
testq sym,%rsp
testq (%rbx),%r12
testq sym,%r12
testq (%rbx),%r13
testq sym,%r13
testq (%rbx),%r9
testq sym,%r9
testq $sym,sym
movb $sym,sym
movw $sym,sym
movl $sym,sym
movq $sym,sym
pushb %al
push %al
pushb %cl
push %cl
pushb %sil
push %sil
pushb %r9b
push %r9b
pushb (%rbx)
pushb sym
pushb 8(%rsp)
pushb $1
pushl %ebx
push %ebx
pushl %esp
push %esp
pushl %ebp
push %ebp
pushl %r9d
push %r9d
pushl (%rbx)
pushl sym
pushl 8(%rsp)
pushq %rax
pushq %rbx
pushq %rsp
pushq %r12
pushq %r13
pushq %r9
pushq (%rbx)
pushq sym
pushq 8(%rsp)
popb %al
pop %al
popb %cl
pop %cl
popb %sil
pop %sil
popb %r9b
pop %r9b
popb (%rbx)
popb sym
popb 8(%rsp)
pop %eax
popl %ebx
popl %esp
pop %esp
popl %ebp
pop %ebp
popl %r9d
pop %r9d
popl (%rbx)
popl 8(%rsp)
popq %rax
popq %rbx
popq %rsp
popq %r12
popq %r13
popq %r9
popq (%rbx)
popq sym
popq 8(%rsp)
salw %cl
sall %cl
salq %cl
shlw %cl
shll %cl
shlq %cl
shrw %cl
shrl %cl
shrq %cl
sarw %cl
sarl %cl
sarq %cl
rolb $1,%cl
rolb $1,(%rbx)
rol $1,%cl
rol $1,(%rbx)
rolw $1,%bx
rolw $1,(%rbx)
rol $1,%bx
rolw %cl
roll $1,%ebx
roll $1,(%rbx)
rol $1,%ebx
roll %cl
rolq $1,%rbx
rolq $1,(%rbx)
rol $1,%rbx
rolq %cl
rorb $1,%cl
rorb $1,(%rbx)
ror $1,%cl
ror $1,(%rbx)
rorw $1,%bx
rorw $1,(%rbx)
ror $1,%bx
rorw %cl
rorl $1,%ebx
rorl $1,(%rbx)
ror $1,%ebx
rorl %cl
rorq $1,%rbx
rorq $1,(%rbx)
ror $1,%rbx
rorq %cl
rclb $1,%cl
rclb $1,(%rbx)
rcl $1,%cl
rcl $1,(%rbx)
rclw $1,%bx
rclw $1,(%rbx)
rcl $1,%bx
rclw %cl
rcll $1,%ebx
rcll $1,(%rbx)
rcl $1,%ebx
rcll %cl
rclq $1,%rbx
rclq $1,(%rbx)
rcl $1,%rbx
rclq %cl
rcrb $1,%cl
rcrb $1,(%rbx)
rcr $1,%cl
rcr $1,(%rbx)
rcrw $1,%bx
rcrw $1,(%rbx)
rcr $1,%bx
rcrw %cl
rcrl $1,%ebx
rcrl $1,(%rbx)
rcr $1,%ebx
rcrl %cl
rcrq $1,%rbx
rcrq $1,(%rbx)
rcr $1,%rbx
rcrq %cl
shldw $4,%ax,%bx
shldw %cl,%ax,%bx
shldw $4,%ax,(%rbx)
shldw %cl,%ax,(%rbx)
shldw %ax,%bx
shldw %ax,(%rbx)
shldl $4,%eax,%ebx
shldl %cl,%eax,%ebx
shldl $4,%eax,(%rbx)
shldl %cl,%eax,(%rbx)
shldl %eax,%ebx
shldl %eax,(%rbx)
shldq $4,%rax,%rbx
shldq %cl,%rax,%rbx
shldq $4,%rax,(%rbx)
shldq %cl,%rax,(%rbx)
shldq %rax,%rbx
shldq %rax,(%rbx)
shrdw $4,%ax,%bx
shrdw %cl,%ax,%bx
shrdw $4,%ax,(%rbx)
shrdw %cl,%ax,(%rbx)
shrdw %ax,%bx
shrdw %ax,(%rbx)
shrdl $4,%eax,%ebx
shrdl %cl,%eax,%ebx
shrdl $4,%eax,(%rbx)
shrdl %cl,%eax,(%rbx)
shrdl %eax,%ebx
shrdl %eax,(%rbx)
shrdq $4,%rax,%rbx
shrdq %cl,%rax,%rbx
shrdq $4,%rax,(%rbx)
shrdq %cl,%rax,(%rbx)
shrdq %rax,%rbx
shrdq %rax,(%rbx)
imulw $2,%bx
imul $2,%bx
imulw $127,%bx
imul $127,%bx
imulw $128,%bx
imul $128,%bx
imulw $-128,%bx
imul $-128,%bx
imulw $-129,%bx
imul $-129,%bx
imulw $0x1000,%bx
imul $0x1000,%bx
imulw $sym,%bx
imul $sym,%bx
imulw $0x7fffffff,%bx
imul $0x7fffffff,%bx
imulw $0x12345678,%bx
imul $0x12345678,%bx
divw %bx,%ax
idivw (%rbx),%ax
imulw %bx,%ax,%bx
btb $1,%al
btsb $1,%al
btrb $1,%al
btcb $1,%al
lslw %ax,%bx
lslw (%rbx),%bx
larw %ax,%bx
larw (%rbx),%bx
tzcntw %ax,%bx
tzcntw (%rbx),%bx
tzcnt %ax,%bx
tzcnt sym,%bx
xchgw %ax,%bx
xchgw %bx,%ax
xchg %bx,%ax
xchgw %ax,%ax
imull $2,%ebx
imul $2,%ebx
imull $127,%ebx
imul $127,%ebx
imull $128,%ebx
imul $128,%ebx
imull $-128,%ebx
imul $-128,%ebx
imull $-129,%ebx
imul $-129,%ebx
imull $0x1000,%ebx
imul $0x1000,%ebx
imull $sym,%ebx
imul $sym,%ebx
imull $0x7fffffff,%ebx
imul $0x7fffffff,%ebx
imull $0x12345678,%ebx
imul $0x12345678,%ebx
divl %ebx,%eax
idivl (%rbx),%eax
imull %ebx,%eax,%ebx
lsll %eax,%ebx
lsll (%rbx),%ebx
larl %eax,%ebx
larl (%rbx),%ebx
xchgl %eax,%ebx
xchgl %ebx,%eax
xchg %ebx,%eax
imulq $2,%rbx
imul $2,%rbx
imulq $127,%rbx
imul $127,%rbx
imulq $128,%rbx
imul $128,%rbx
imulq $-128,%rbx
imul $-128,%rbx
imulq $-129,%rbx
imul $-129,%rbx
imulq $0x1000,%rbx
imul $0x1000,%rbx
imulq $sym,%rbx
imul $sym,%rbx
imulq $0x7fffffff,%rbx
imul $0x7fffffff,%rbx
imulq $0x12345678,%rbx
imul $0x12345678,%rbx
divq %rbx,%rax
idivq (%rbx),%rax
imulq %rbx,%rax,%rbx
lslq %rax,%rbx
lslq (%rbx),%rbx
lsl %rax,%rbx
lsl sym,%rbx
larq %rax,%rbx
larq (%rbx),%rbx
lar %rax,%rbx
lar sym,%rbx
xchgq %rax,%rbx
xchgq %rbx,%rax
xchg %rbx,%rax
xchgq %rax,%rax
xchg %ax,%bx
xchg %eax,%ecx
xchg %ecx,%eax
xacquire lock addl %eax,(%rbx)
xrelease movl %eax,(%rbx)
ds call sym
es movsb
addr32 movl %eax,(%rax)
addr16 nop
data16
addr32
data16 pushq $1
data16 jmp sym
addr32 jecxz 1f | 1:
cs; nop
ds; movl %eax,(%rbx)
fs
gs
rex64 movl %eax,%ebx
rex pushq %rax
jo sym
jno sym
jb sym
jc sym
jnae sym
jae sym
jnb sym
jnc sym
jz sym
jne sym
jnz sym
jbe sym
jna sym
ja sym
jnbe sym
js sym
jns sym
jp sym
jpe sym
jnp sym
jpo sym
jl sym
jnge sym
jge sym
jnl sym
jle sym
jng sym
jg sym
jnle sym
seta %ax
seta %eax
setab %al
cmovab %al,%bl
ja $1
jmp .
jmp .+2
jmp .+0x100
call .
call .+5
je .
je .+2
jmp sym | jmp sym
pushw $0xffff
pushl $0x12345678
pushq %rcx
pushq %rdx
pushq %rbp
pushq %rsi
pushq %rdi
pushq %r8
pushq %r10
pushq %r11
pushq %r14
pushq %r15
popq %rcx
popq %rdx
popq %rbp
popq %rsi
popq %rdi
popq %r8
popq %r10
popq %r11
popq %r14
popq %r15
pushq (%r9)
popq (%r13)
femms
monitor
mwait
vmcall
vmlaunch
vmresume
vmxoff
rdrand %eax
rdseed %eax
bswap %ax
bswapw %ax
serialize
lgdtl (%rax)
lgdtw (%rax)
lgdtq (%rax)
sgdtl (%rax)
sidtw (%rax)
lgdt %eax
invlpg %eax
lmsw %eax
clflushopt (%rax)
invpcid (%rax),%rbx
rdpid %rax
int $sym
ret $sym
enter $sym,$1
leab (%rax),%al
lea (%rax),%al
rdrand %rax
rdrand %r9
xchg %rax,%rax
xchg %rax,%r8
xchg %r8,%rax
xchg %eax,%r8d
xchg %r8d,%eax
xchg %ax,%r8w
xchgq %rax,%rcx
insq
outsq
movsl (%rdi),%es:(%rsi)
movsl (%eax),%es:(%ebx)
smovl
ssca
slod
ssto
scmp
inb %dx
inb $1
inl %dx
in %dx
outb %dx
outb $0x80
in $0x60,%rax
inb %dx,%ax
outb %ax,%dx
in $sym,%al
out %al,$sym
fst (%rbx)
fstp (%rbx)
fisttps sym
fisttpll sym
fucomip
fcomi
fucomi
fcmovb %st(1)
fnstsw %eax
fstcw sym
fldenvs (%rax)
fnstenvl (%rax)
fsetpm
fdisi
feni
fneni
fndisi
.code32 | incl %eax
.code32 | pusha
.code32 | movl sym,%eax
.code32 | movl (%eax),%ebx
.code32 | call sym
.code32 | movq %rax,%rbx
.code16 | movw %ax,%bx
.code16 | movw (%bx),%ax
.code16 | jmp sym
.code16 | pushw %ax
.code16 | movl %eax,%ebx
.code16 | movl %eax,%cr0 | ljmpl $8,$1f | .code32 | 1: movl %eax,%ebx | ljmp $8,$2f | .code64 | 2: movq %rax,%rbx
.code32 | ljmp $8,$sym
.code32 | aaa
.code32 | pushl $sym
.code32 | addr16 movl (%bx),%eax
.code32 | inc %eax | .code64 | inc %eax
